Archive member included to satisfy reference by file (symbol)

C:/Users/virendra/AppData/Local/stm32cube/bundles/gnu-tools-for-stm32/13.3.1+st.9/bin/../lib/gcc/arm-none-eabi/13.3.1/thumb/v6-m/nofp\libgcc.a(_udivsi3.o)
                              cmake/stm32cubemx/CMakeFiles/STM32_Drivers.dir/__/__/Core/Src/system_stm32c0xx.c.obj (__aeabi_uidiv)
C:/Users/virendra/AppData/Local/stm32cube/bundles/gnu-tools-for-stm32/13.3.1+st.9/bin/../lib/gcc/arm-none-eabi/13.3.1/thumb/v6-m/nofp\libgcc.a(_divsi3.o)
                              cmake/stm32cubemx/CMakeFiles/STM32_Drivers.dir/__/__/Drivers/STM32C0xx_HAL_Driver/Src/stm32c0xx_hal_uart_ex.c.obj (__aeabi_idiv)
C:/Users/virendra/AppData/Local/stm32cube/bundles/gnu-tools-for-stm32/13.3.1+st.9/bin/../lib/gcc/arm-none-eabi/13.3.1/thumb/v6-m/nofp\libgcc.a(_dvmd_tls.o)
                              C:/Users/virendra/AppData/Local/stm32cube/bundles/gnu-tools-for-stm32/13.3.1+st.9/bin/../lib/gcc/arm-none-eabi/13.3.1/thumb/v6-m/nofp\libgcc.a(_udivsi3.o) (__aeabi_idiv0)
C:/Users/virendra/AppData/Local/stm32cube/bundles/gnu-tools-for-stm32/13.3.1+st.9/bin/../lib/gcc/arm-none-eabi/13.3.1/../../../../arm-none-eabi/lib/thumb/v6-m/nofp\libg_nano.a(libc_a-exit.o)
                              C:/Users/virendra/AppData/Local/stm32cube/bundles/gnu-tools-for-stm32/13.3.1+st.9/bin/../lib/gcc/arm-none-eabi/13.3.1/../../../../arm-none-eabi/lib/thumb/v6-m/nofp/crt0.o (exit)
C:/Users/virendra/AppData/Local/stm32cube/bundles/gnu-tools-for-stm32/13.3.1+st.9/bin/../lib/gcc/arm-none-eabi/13.3.1/../../../../arm-none-eabi/lib/thumb/v6-m/nofp\libg_nano.a(libc_a-findfp.o)
                              C:/Users/virendra/AppData/Local/stm32cube/bundles/gnu-tools-for-stm32/13.3.1+st.9/bin/../lib/gcc/arm-none-eabi/13.3.1/../../../../arm-none-eabi/lib/thumb/v6-m/nofp\libg_nano.a(libc_a-exit.o) (__stdio_exit_handler)
C:/Users/virendra/AppData/Local/stm32cube/bundles/gnu-tools-for-stm32/13.3.1+st.9/bin/../lib/gcc/arm-none-eabi/13.3.1/../../../../arm-none-eabi/lib/thumb/v6-m/nofp\libg_nano.a(libc_a-fwalk.o)
                              C:/Users/virendra/AppData/Local/stm32cube/bundles/gnu-tools-for-stm32/13.3.1+st.9/bin/../lib/gcc/arm-none-eabi/13.3.1/../../../../arm-none-eabi/lib/thumb/v6-m/nofp\libg_nano.a(libc_a-findfp.o) (_fwalk_sglue)
C:/Users/virendra/AppData/Local/stm32cube/bundles/gnu-tools-for-stm32/13.3.1+st.9/bin/../lib/gcc/arm-none-eabi/13.3.1/../../../../arm-none-eabi/lib/thumb/v6-m/nofp\libg_nano.a(libc_a-stdio.o)
                              C:/Users/virendra/AppData/Local/stm32cube/bundles/gnu-tools-for-stm32/13.3.1+st.9/bin/../lib/gcc/arm-none-eabi/13.3.1/../../../../arm-none-eabi/lib/thumb/v6-m/nofp\libg_nano.a(libc_a-findfp.o) (__sread)
C:/Users/virendra/AppData/Local/stm32cube/bundles/gnu-tools-for-stm32/13.3.1+st.9/bin/../lib/gcc/arm-none-eabi/13.3.1/../../../../arm-none-eabi/lib/thumb/v6-m/nofp\libg_nano.a(libc_a-memset.o)
                              C:/Users/virendra/AppData/Local/stm32cube/bundles/gnu-tools-for-stm32/13.3.1+st.9/bin/../lib/gcc/arm-none-eabi/13.3.1/../../../../arm-none-eabi/lib/thumb/v6-m/nofp/crt0.o (memset)
C:/Users/virendra/AppData/Local/stm32cube/bundles/gnu-tools-for-stm32/13.3.1+st.9/bin/../lib/gcc/arm-none-eabi/13.3.1/../../../../arm-none-eabi/lib/thumb/v6-m/nofp\libg_nano.a(libc_a-closer.o)
                              C:/Users/virendra/AppData/Local/stm32cube/bundles/gnu-tools-for-stm32/13.3.1+st.9/bin/../lib/gcc/arm-none-eabi/13.3.1/../../../../arm-none-eabi/lib/thumb/v6-m/nofp\libg_nano.a(libc_a-stdio.o) (_close_r)
C:/Users/virendra/AppData/Local/stm32cube/bundles/gnu-tools-for-stm32/13.3.1+st.9/bin/../lib/gcc/arm-none-eabi/13.3.1/../../../../arm-none-eabi/lib/thumb/v6-m/nofp\libg_nano.a(libc_a-reent.o)
                              C:/Users/virendra/AppData/Local/stm32cube/bundles/gnu-tools-for-stm32/13.3.1+st.9/bin/../lib/gcc/arm-none-eabi/13.3.1/../../../../arm-none-eabi/lib/thumb/v6-m/nofp\libg_nano.a(libc_a-closer.o) (errno)
C:/Users/virendra/AppData/Local/stm32cube/bundles/gnu-tools-for-stm32/13.3.1+st.9/bin/../lib/gcc/arm-none-eabi/13.3.1/../../../../arm-none-eabi/lib/thumb/v6-m/nofp\libg_nano.a(libc_a-impure.o)
                              C:/Users/virendra/AppData/Local/stm32cube/bundles/gnu-tools-for-stm32/13.3.1+st.9/bin/../lib/gcc/arm-none-eabi/13.3.1/../../../../arm-none-eabi/lib/thumb/v6-m/nofp\libg_nano.a(libc_a-reent.o) (_impure_ptr)
C:/Users/virendra/AppData/Local/stm32cube/bundles/gnu-tools-for-stm32/13.3.1+st.9/bin/../lib/gcc/arm-none-eabi/13.3.1/../../../../arm-none-eabi/lib/thumb/v6-m/nofp\libg_nano.a(libc_a-lseekr.o)
                              C:/Users/virendra/AppData/Local/stm32cube/bundles/gnu-tools-for-stm32/13.3.1+st.9/bin/../lib/gcc/arm-none-eabi/13.3.1/../../../../arm-none-eabi/lib/thumb/v6-m/nofp\libg_nano.a(libc_a-stdio.o) (_lseek_r)
[...]
Memory Configuration

Name             Origin             Length             Attributes
RAM              0x20000000         0x00007800         xrw
FLASH            0x08000000         0x00040000         xr
*default*        0x00000000         0xffffffff

Linker script and memory map

LOAD C:/Users/virendra/AppData/Local/stm32cube/bundles/gnu-tools-for-stm32/13.3.1+st.9/bin/../lib/gcc/arm-none-eabi/13.3.1/thumb/v6-m/nofp/crti.o
LOAD C:/Users/virendra/AppData/Local/stm32cube/bundles/gnu-tools-for-stm32/13.3.1+st.9/bin/../lib/gcc/arm-none-eabi/13.3.1/thumb/v6-m/nofp/crtbegin.o
LOAD C:/Users/virendra/AppData/Local/stm32cube/bundles/gnu-tools-for-stm32/13.3.1+st.9/bin/../lib/gcc/arm-none-eabi/13.3.1/../../../../arm-none-eabi/lib/thumb/v6-m/nofp/crt0.o
LOAD cmake/stm32cubemx/CMakeFiles/STM32_Drivers.dir/__/__/Core/Src/system_stm32c0xx.c.obj
LOAD cmake/stm32cubemx/CMakeFiles/STM32_Drivers.dir/__/__/Drivers/STM32C0xx_HAL_Driver/Src/stm32c0xx_hal_tim.c.obj
LOAD cmake/stm32cubemx/CMakeFiles/STM32_Drivers.dir/__/__/Drivers/STM32C0xx_HAL_Driver/Src/stm32c0xx_hal_tim_ex.c.obj
LOAD cmake/stm32cubemx/CMakeFiles/STM32_Drivers.dir/__/__/Drivers/STM32C0xx_HAL_Driver/Src/stm32c0xx_hal.c.obj
LOAD cmake/stm32cubemx/CMakeFiles/STM32_Drivers.dir/__/__/Drivers/STM32C0xx_HAL_Driver/Src/stm32c0xx_hal_cortex.c.obj
LOAD cmake/stm32cubemx/CMakeFiles/STM32_Drivers.dir/__/__/Drivers/STM32C0xx_HAL_Driver/Src/stm32c0xx_hal_rcc.c.obj
LOAD cmake/stm32cubemx/CMakeFiles/STM32_Drivers.dir/__/__/Drivers/STM32C0xx_HAL_Driver/Src/stm32c0xx_hal_rcc_ex.c.obj
LOAD cmake/stm32cubemx/CMakeFiles/STM32_Drivers.dir/__/__/Drivers/STM32C0xx_HAL_Driver/Src/stm32c0xx_hal_flash.c.obj
LOAD cmake/stm32cubemx/CMakeFiles/STM32_Drivers.dir/__/__/Drivers/STM32C0xx_HAL_Driver/Src/stm32c0xx_hal_flash_ex.c.obj
LOAD cmake/stm32cubemx/CMakeFiles/STM32_Drivers.dir/__/__/Drivers/STM32C0xx_HAL_Driver/Src/stm32c0xx_hal_gpio.c.obj
LOAD cmake/stm32cubemx/CMakeFiles/STM32_Drivers.dir/__/__/Drivers/STM32C0xx_HAL_Driver/Src/stm32c0xx_hal_dma.c.obj
LOAD cmake/stm32cubemx/CMakeFiles/STM32_Drivers.dir/__/__/Drivers/STM32C0xx_HAL_Driver/Src/stm32c0xx_hal_dma_ex.c.obj
LOAD cmake/stm32cubemx/CMakeFiles/STM32_Drivers.dir/__/__/Drivers/STM32C0xx_HAL_Driver/Src/stm32c0xx_hal_pwr.c.obj
LOAD cmake/stm32cubemx/CMakeFiles/STM32_Drivers.dir/__/__/Drivers/STM32C0xx_HAL_Driver/Src/stm32c0xx_hal_pwr_ex.c.obj
LOAD cmake/stm32cubemx/CMakeFiles/STM32_Drivers.dir/__/__/Drivers/STM32C0xx_HAL_Driver/Src/stm32c0xx_hal_exti.c.obj
LOAD cmake/stm32cubemx/CMakeFiles/STM32_Drivers.dir/__/__/Drivers/STM32C0xx_HAL_Driver/Src/stm32c0xx_hal_usart.c.obj
LOAD cmake/stm32cubemx/CMakeFiles/STM32_Drivers.dir/__/__/Drivers/STM32C0xx_HAL_Driver/Src/stm32c0xx_hal_usart_ex.c.obj
LOAD cmake/stm32cubemx/CMakeFiles/STM32_Drivers.dir/__/__/Drivers/STM32C0xx_HAL_Driver/Src/stm32c0xx_hal_uart_ex.c.obj
LOAD cmake/stm32cubemx/CMakeFiles/STM32_Drivers.dir/__/__/Drivers/STM32C0xx_HAL_Driver/Src/stm32c0xx_hal_uart.c.obj
LOAD cmake/stm32cubemx/CMakeFiles/STM32_Drivers.dir/__/__/Drivers/BSP/STM32C0xx_Nucleo/stm32c0xx_nucleo.c.obj
LOAD CMakeFiles/freertos_C092.dir/Core/Src/main.c.obj
LOAD CMakeFiles/freertos_C092.dir/Core/Src/stm32c0xx_it.c.obj
LOAD CMakeFiles/freertos_C092.dir/Core/Src/stm32c0xx_hal_msp.c.obj
LOAD CMakeFiles/freertos_C092.dir/Core/Src/stm32c0xx_hal_timebase_tim.c.obj
LOAD CMakeFiles/freertos_C092.dir/Core/Src/sysmem.c.obj
LOAD CMakeFiles/freertos_C092.dir/Core/Src/syscalls.c.obj
LOAD CMakeFiles/freertos_C092.dir/startup_stm32c092xx.s.obj
LOAD CMakeFiles/freertos_C092.dir/freertos/tasks.c.obj
LOAD CMakeFiles/freertos_C092.dir/freertos/portable/MemMang/heap_4.c.obj
LOAD CMakeFiles/freertos_C092.dir/Core/Src/portFunctions.c.obj
LOAD CMakeFiles/freertos_C092.dir/freertos/portable/GCC/ARM_CM0/port.c.obj
LOAD CMakeFiles/freertos_C092.dir/freertos/list.c.obj
LOAD CMakeFiles/freertos_C092.dir/freertos/portable/GCC/ARM_CM0/portasm.c.obj
LOAD C:/Users/virendra/AppData/Local/stm32cube/bundles/gnu-tools-for-stm32/13.3.1+st.9/bin/../lib/gcc/arm-none-eabi/13.3.1/../../../../arm-none-eabi/lib/thumb/v6-m/nofp\libm.a
START GROUP
LOAD C:/Users/virendra/AppData/Local/stm32cube/bundles/gnu-tools-for-stm32/13.3.1+st.9/bin/../lib/gcc/arm-none-eabi/13.3.1/thumb/v6-m/nofp\libgcc.a
LOAD C:/Users/virendra/AppData/Local/stm32cube/bundles/gnu-tools-for-stm32/13.3.1+st.9/bin/../lib/gcc/arm-none-eabi/13.3.1/../../../../arm-none-eabi/lib/thumb/v6-m/nofp\libg_nano.a
LOAD C:/Users/virendra/AppData/Local/stm32cube/bundles/gnu-tools-for-stm32/13.3.1+st.9/bin/../lib/gcc/arm-none-eabi/13.3.1/../../../../arm-none-eabi/lib/thumb/v6-m/nofp\libc_nano.a
END GROUP
START GROUP
LOAD C:/Users/virendra/AppData/Local/stm32cube/bundles/gnu-tools-for-stm32/13.3.1+st.9/bin/../lib/gcc/arm-none-eabi/13.3.1/thumb/v6-m/nofp\libgcc.a
LOAD C:/Users/virendra/AppData/Local/stm32cube/bundles/gnu-tools-for-stm32/13.3.1+st.9/bin/../lib/gcc/arm-none-eabi/13.3.1/../../../../arm-none-eabi/lib/thumb/v6-m/nofp\libc_nano.a
END GROUP
LOAD C:/Users/virendra/AppData/Local/stm32cube/bundles/gnu-tools-for-stm32/13.3.1+st.9/bin/../lib/gcc/arm-none-eabi/13.3.1/thumb/v6-m/nofp/crtend.o
LOAD C:/Users/virendra/AppData/Local/stm32cube/bundles/gnu-tools-for-stm32/13.3.1+st.9/bin/../lib/gcc/arm-none-eabi/13.3.1/thumb/v6-m/nofp/crtn.o
                0x20007800                        _estack = (ORIGIN (RAM) + LENGTH (RAM))
                0x00000200                        _Min_Heap_Size = 0x200
                0x00000400                        _Min_Stack_Size = 0x400

.isr_vector     0x08000000       0xc0
                0x08000000                        . = ALIGN (0x4)
 *(.isr_vector)
 .isr_vector    0x08000000       0xc0 CMakeFiles/freertos_C092.dir/startup_stm32c092xx.s.obj
                0x08000000                g_pfnVectors
                0x080000c0                        . = ALIGN (0x4)

.text           0x080000c0     0x33d8
                0x080000c0                        . = ALIGN (0x4)
 *(.text)
 .text          0x080000c0       0x48 C:/Users/virendra/AppData/Local/stm32cube/bundles/gnu-tools-for-stm32/13.3.1+st.9/bin/../lib/gcc/arm-none-eabi/13.3.1/thumb/v6-m/nofp/crtbegin.o
 .text          0x08000108      0x114 C:/Users/virendra/AppData/Local/stm32cube/bundles/gnu-tools-for-stm32/13.3.1+st.9/bin/../lib/gcc/arm-none-eabi/13.3.1/thumb/v6-m/nofp\libgcc.a(_udivsi3.o)
                0x08000108                __aeabi_uidiv
                0x08000108                __udivsi3
                0x08000214                __aeabi_uidivmod
 .text          0x0800021c        0x4 C:/Users/virendra/AppData/Local/stm32cube/bundles/gnu-tools-for-stm32/13.3.1+st.9/bin/../lib/gcc/arm-none-eabi/13.3.1/thumb/v6-m/nofp\libgcc.a(_dvmd_tls.o)
                0x0800021c                __aeabi_idiv0
                0x0800021c                __aeabi_ldiv0
 *(.text*)
 .text.SystemInit
                0x08000220       0x18 cmake/stm32cubemx/CMakeFiles/STM32_Drivers.dir/__/__/Core/Src/system_stm32c0xx.c.obj
                0x08000220                SystemInit
 .text.HAL_TIM_Base_Init
                0x08000238       0xb0 cmake/stm32cubemx/CMakeFiles/STM32_Drivers.dir/__/__/Drivers/STM32C0xx_HAL_Driver/Src/stm32c0xx_hal_tim.c.obj
                0x08000238                HAL_TIM_Base_Init
 .text.HAL_TIM_Base_MspInit
                0x080002e8       0x10 cmake/stm32cubemx/CMakeFiles/STM32_Drivers.dir/__/__/Drivers/STM32C0xx_HAL_Driver/Src/stm32c0xx_hal_tim.c.obj
                0x080002e8                HAL_TIM_Base_MspInit
 .text.HAL_TIM_Base_Start_IT
                0x080002f8       0xb8 cmake/stm32cubemx/CMakeFiles/STM32_Drivers.dir/__/__/Drivers/STM32C0xx_HAL_Driver/Src/stm32c0xx_hal_tim.c.obj
                0x080002f8                HAL_TIM_Base_Start_IT
 .text.HAL_TIM_IRQHandler
                0x080003b0      0x210 cmake/stm32cubemx/CMakeFiles/STM32_Drivers.dir/__/__/Drivers/STM32C0xx_HAL_Driver/Src/stm32c0xx_hal_tim.c.obj
                0x080003b0                HAL_TIM_IRQHandler
 .text.HAL_TIM_OC_DelayElapsedCallback
                0x080005c0       0x10 cmake/stm32cubemx/CMakeFiles/STM32_Drivers.dir/__/__/Drivers/STM32C0xx_HAL_Driver/Src/stm32c0xx_hal_tim.c.obj
                0x080005c0                HAL_TIM_OC_DelayElapsedCallback
 .text.HAL_TIM_IC_CaptureCallback
                0x080005d0       0x10 cmake/stm32cubemx/CMakeFiles/STM32_Drivers.dir/__/__/Drivers/STM32C0xx_HAL_Driver/Src/stm32c0xx_hal_tim.c.obj
                0x080005d0                HAL_TIM_IC_CaptureCallback
 .text.HAL_TIM_PWM_PulseFinishedCallback
                0x080005e0       0x10 cmake/stm32cubemx/CMakeFiles/STM32_Drivers.dir/__/__/Drivers/STM32C0xx_HAL_Driver/Src/stm32c0xx_hal_tim.c.obj
                0x080005e0                HAL_TIM_PWM_PulseFinishedCallback
 .text.HAL_TIM_TriggerCallback
                0x080005f0       0x10 cmake/stm32cubemx/CMakeFiles/STM32_Drivers.dir/__/__/Drivers/STM32C0xx_HAL_Driver/Src/stm32c0xx_hal_tim.c.obj
                0x080005f0                HAL_TIM_TriggerCallback
 .text.TIM_Base_SetConfig
                0x08000600      0x10c cmake/stm32cubemx/CMakeFiles/STM32_Drivers.dir/__/__/Drivers/STM32C0xx_HAL_Driver/Src/stm32c0xx_hal_tim.c.obj
                0x08000600                TIM_Base_SetConfig
 .text.HAL_TIMEx_CommutCallback
                0x0800070c       0x10 cmake/stm32cubemx/CMakeFiles/STM32_Drivers.dir/__/__/Drivers/STM32C0xx_HAL_Driver/Src/stm32c0xx_hal_tim_ex.c.obj
                0x0800070c                HAL_TIMEx_CommutCallback
 .text.HAL_TIMEx_BreakCallback
                0x0800071c       0x10 cmake/stm32cubemx/CMakeFiles/STM32_Drivers.dir/__/__/Drivers/STM32C0xx_HAL_Driver/Src/stm32c0xx_hal_tim_ex.c.obj
                0x0800071c                HAL_TIMEx_BreakCallback
 .text.HAL_TIMEx_Break2Callback
                0x0800072c       0x10 cmake/stm32cubemx/CMakeFiles/STM32_Drivers.dir/__/__/Drivers/STM32C0xx_HAL_Driver/Src/stm32c0xx_hal_tim_ex.c.obj
                0x0800072c                HAL_TIMEx_Break2Callback
 .text.HAL_Init
                0x0800073c       0x2e cmake/stm32cubemx/CMakeFiles/STM32_Drivers.dir/__/__/Drivers/STM32C0xx_HAL_Driver/Src/stm32c0xx_hal.c.obj
                0x0800073c                HAL_Init
 *fill*         0x0800076a        0x2 
 .text.HAL_IncTick
                0x0800076c       0x24 cmake/stm32cubemx/CMakeFiles/STM32_Drivers.dir/__/__/Drivers/STM32C0xx_HAL_Driver/Src/stm32c0xx_hal.c.obj
                0x0800076c                HAL_IncTick
 .text.HAL_GetTick
                0x08000790       0x14 cmake/stm32cubemx/CMakeFiles/STM32_Drivers.dir/__/__/Drivers/STM32C0xx_HAL_Driver/Src/stm32c0xx_hal.c.obj
                0x08000790                HAL_GetTick
 .text.__NVIC_EnableIRQ
                0x080007a4       0x34 cmake/stm32cubemx/CMakeFiles/STM32_Drivers.dir/__/__/Drivers/STM32C0xx_HAL_Driver/Src/stm32c0xx_hal_cortex.c.obj
 .text.__NVIC_SetPriority
                0x080007d8       0xdc cmake/stm32cubemx/CMakeFiles/STM32_Drivers.dir/__/__/Drivers/STM32C0xx_HAL_Driver/Src/stm32c0xx_hal_cortex.c.obj
 .text.HAL_NVIC_SetPriority
                0x080008b4       0x2a cmake/stm32cubemx/CMakeFiles/STM32_Drivers.dir/__/__/Drivers/STM32C0xx_HAL_Driver/Src/stm32c0xx_hal_cortex.c.obj
                0x080008b4                HAL_NVIC_SetPriority
 .text.HAL_NVIC_EnableIRQ
                0x080008de       0x20 cmake/stm32cubemx/CMakeFiles/STM32_Drivers.dir/__/__/Drivers/STM32C0xx_HAL_Driver/Src/stm32c0xx_hal_cortex.c.obj
                0x080008de                HAL_NVIC_EnableIRQ
 *fill*         0x080008fe        0x2 
 .text.HAL_RCC_OscConfig
                0x08000900      0x3c8 cmake/stm32cubemx/CMakeFiles/STM32_Drivers.dir/__/__/Drivers/STM32C0xx_HAL_Driver/Src/stm32c0xx_hal_rcc.c.obj
                0x08000900                HAL_RCC_OscConfig
 .text.HAL_RCC_ClockConfig
                0x08000cc8      0x214 cmake/stm32cubemx/CMakeFiles/STM32_Drivers.dir/__/__/Drivers/STM32C0xx_HAL_Driver/Src/stm32c0xx_hal_rcc.c.obj
                0x08000cc8                HAL_RCC_ClockConfig
 .text.HAL_RCC_GetSysClockFreq
                0x08000edc       0xa0 cmake/stm32cubemx/CMakeFiles/STM32_Drivers.dir/__/__/Drivers/STM32C0xx_HAL_Driver/Src/stm32c0xx_hal_rcc.c.obj
                0x08000edc                HAL_RCC_GetSysClockFreq
 .text.HAL_RCC_GetHCLKFreq
                0x08000f7c       0x3c cmake/stm32cubemx/CMakeFiles/STM32_Drivers.dir/__/__/Drivers/STM32C0xx_HAL_Driver/Src/stm32c0xx_hal_rcc.c.obj
                0x08000f7c                HAL_RCC_GetHCLKFreq
 .text.HAL_RCC_GetPCLK1Freq
                0x08000fb8       0x30 cmake/stm32cubemx/CMakeFiles/STM32_Drivers.dir/__/__/Drivers/STM32C0xx_HAL_Driver/Src/stm32c0xx_hal_rcc.c.obj
                0x08000fb8                HAL_RCC_GetPCLK1Freq
 .text.HAL_RCC_GetClockConfig
                0x08000fe8       0x60 cmake/stm32cubemx/CMakeFiles/STM32_Drivers.dir/__/__/Drivers/STM32C0xx_HAL_Driver/Src/stm32c0xx_hal_rcc.c.obj
                0x08000fe8                HAL_RCC_GetClockConfig
 .text.HAL_GPIO_Init
                0x08001048      0x2e4 cmake/stm32cubemx/CMakeFiles/STM32_Drivers.dir/__/__/Drivers/STM32C0xx_HAL_Driver/Src/stm32c0xx_hal_gpio.c.obj
                0x08001048                HAL_GPIO_Init
 .text.HAL_GPIO_WritePin
                0x0800132c       0x3a cmake/stm32cubemx/CMakeFiles/STM32_Drivers.dir/__/__/Drivers/STM32C0xx_HAL_Driver/Src/stm32c0xx_hal_gpio.c.obj
                0x0800132c                HAL_GPIO_WritePin
 .text.HAL_EXTI_RegisterCallback
                0x08001366       0x64 cmake/stm32cubemx/CMakeFiles/STM32_Drivers.dir/__/__/Drivers/STM32C0xx_HAL_Driver/Src/stm32c0xx_hal_exti.c.obj
                0x08001366                HAL_EXTI_RegisterCallback
 .text.HAL_EXTI_GetHandle
                0x080013ca       0x24 cmake/stm32cubemx/CMakeFiles/STM32_Drivers.dir/__/__/Drivers/STM32C0xx_HAL_Driver/Src/stm32c0xx_hal_exti.c.obj
                0x080013ca                HAL_EXTI_GetHandle
 *fill*         0x080013ee        0x2 
 .text.HAL_EXTI_IRQHandler
                0x080013f0       0x94 cmake/stm32cubemx/CMakeFiles/STM32_Drivers.dir/__/__/Drivers/STM32C0xx_HAL_Driver/Src/stm32c0xx_hal_exti.c.obj
                0x080013f0                HAL_EXTI_IRQHandler
 .text.HAL_UART_Init
                0x08001484       0xac cmake/stm32cubemx/CMakeFiles/STM32_Drivers.dir/__/__/Drivers/STM32C0xx_HAL_Driver/Src/stm32c0xx_hal_uart.c.obj
                0x08001484                HAL_UART_Init
 .text.HAL_UART_MspInit
                0x08001530       0x10 cmake/stm32cubemx/CMakeFiles/STM32_Drivers.dir/__/__/Drivers/STM32C0xx_HAL_Driver/Src/stm32c0xx_hal_uart.c.obj
                0x08001530                HAL_UART_MspInit
 .text.UART_SetConfig
                0x08001540      0x32c cmake/stm32cubemx/CMakeFiles/STM32_Drivers.dir/__/__/Drivers/STM32C0xx_HAL_Driver/Src/stm32c0xx_hal_uart.c.obj
                0x08001540                UART_SetConfig
 .text.UART_AdvFeatureConfig
                0x0800186c      0x168 cmake/stm32cubemx/CMakeFiles/STM32_Drivers.dir/__/__/Drivers/STM32C0xx_HAL_Driver/Src/stm32c0xx_hal_uart.c.obj
                0x0800186c                UART_AdvFeatureConfig
 .text.UART_CheckIdleState
                0x080019d4      0x154 cmake/stm32cubemx/CMakeFiles/STM32_Drivers.dir/__/__/Drivers/STM32C0xx_HAL_Driver/Src/stm32c0xx_hal_uart.c.obj
                0x080019d4                UART_CheckIdleState
 .text.UART_WaitOnFlagUntilTimeout
                0x08001b28       0xde cmake/stm32cubemx/CMakeFiles/STM32_Drivers.dir/__/__/Drivers/STM32C0xx_HAL_Driver/Src/stm32c0xx_hal_uart.c.obj
                0x08001b28                UART_WaitOnFlagUntilTimeout
 *fill*         0x08001c06        0x2 
 .text.UART_EndRxTransfer
                0x08001c08       0xcc cmake/stm32cubemx/CMakeFiles/STM32_Drivers.dir/__/__/Drivers/STM32C0xx_HAL_Driver/Src/stm32c0xx_hal_uart.c.obj
 .text.BSP_LED_Init
                0x08001cd4       0xd4 cmake/stm32cubemx/CMakeFiles/STM32_Drivers.dir/__/__/Drivers/BSP/STM32C0xx_Nucleo/stm32c0xx_nucleo.c.obj
                0x08001cd4                BSP_LED_Init
 .text.BSP_PB_Init
                0x08001da8      0x108 cmake/stm32cubemx/CMakeFiles/STM32_Drivers.dir/__/__/Drivers/BSP/STM32C0xx_Nucleo/stm32c0xx_nucleo.c.obj
                0x08001da8                BSP_PB_Init
 .text.BSP_PB_IRQHandler
                0x08001eb0       0x30 cmake/stm32cubemx/CMakeFiles/STM32_Drivers.dir/__/__/Drivers/BSP/STM32C0xx_Nucleo/stm32c0xx_nucleo.c.obj
                0x08001eb0                BSP_PB_IRQHandler
 .text.BSP_PB_Callback
                0x08001ee0       0x14 cmake/stm32cubemx/CMakeFiles/STM32_Drivers.dir/__/__/Drivers/BSP/STM32C0xx_Nucleo/stm32c0xx_nucleo.c.obj
                0x08001ee0                BSP_PB_Callback
 .text.BSP_COM_Init
                0x08001ef4       0x64 cmake/stm32cubemx/CMakeFiles/STM32_Drivers.dir/__/__/Drivers/BSP/STM32C0xx_Nucleo/stm32c0xx_nucleo.c.obj
                0x08001ef4                BSP_COM_Init
 .text.MX_USART2_Init
                0x08001f58       0x6c cmake/stm32cubemx/CMakeFiles/STM32_Drivers.dir/__/__/Drivers/BSP/STM32C0xx_Nucleo/stm32c0xx_nucleo.c.obj
                0x08001f58                MX_USART2_Init
 .text.BUTTON_USER_EXTI_Callback
                0x08001fc4       0x10 cmake/stm32cubemx/CMakeFiles/STM32_Drivers.dir/__/__/Drivers/BSP/STM32C0xx_Nucleo/stm32c0xx_nucleo.c.obj
 .text.COM1_MspInit
                0x08001fd4       0xb0 cmake/stm32cubemx/CMakeFiles/STM32_Drivers.dir/__/__/Drivers/BSP/STM32C0xx_Nucleo/stm32c0xx_nucleo.c.obj
 .text.vTask1   0x08002084       0x14 CMakeFiles/freertos_C092.dir/Core/Src/main.c.obj
 .text.vTask2   0x08002098       0x14 CMakeFiles/freertos_C092.dir/Core/Src/main.c.obj
 .text.main     0x080020ac       0xa8 CMakeFiles/freertos_C092.dir/Core/Src/main.c.obj
                0x080020ac                main
 .text.SystemClock_Config
                0x08002154       0x98 CMakeFiles/freertos_C092.dir/Core/Src/main.c.obj
                0x08002154                SystemClock_Config
 .text.MX_GPIO_Init
                0x080021ec       0x5c CMakeFiles/freertos_C092.dir/Core/Src/main.c.obj
 .text.HAL_TIM_PeriodElapsedCallback
                0x08002248       0x24 CMakeFiles/freertos_C092.dir/Core/Src/main.c.obj
                0x08002248                HAL_TIM_PeriodElapsedCallback
 .text.Error_Handler
                0x0800226c        0xc CMakeFiles/freertos_C092.dir/Core/Src/main.c.obj
                0x0800226c                Error_Handler
 .text.NMI_Handler
                0x08002278        0x8 CMakeFiles/freertos_C092.dir/Core/Src/stm32c0xx_it.c.obj
                0x08002278                NMI_Handler
 .text.HardFault_Handler
                0x08002280        0x8 CMakeFiles/freertos_C092.dir/Core/Src/stm32c0xx_it.c.obj
                0x08002280                HardFault_Handler
 .text.EXTI4_15_IRQHandler
                0x08002288       0x10 CMakeFiles/freertos_C092.dir/Core/Src/stm32c0xx_it.c.obj
                0x08002288                EXTI4_15_IRQHandler
 .text.TIM1_BRK_UP_TRG_COM_IRQHandler
                0x08002298       0x18 CMakeFiles/freertos_C092.dir/Core/Src/stm32c0xx_it.c.obj
                0x08002298                TIM1_BRK_UP_TRG_COM_IRQHandler
 .text.HAL_MspInit
                0x080022b0       0x48 CMakeFiles/freertos_C092.dir/Core/Src/stm32c0xx_hal_msp.c.obj
                0x080022b0                HAL_MspInit
 .text.HAL_InitTick
                0x080022f8       0xd0 CMakeFiles/freertos_C092.dir/Core/Src/stm32c0xx_hal_timebase_tim.c.obj
                0x080022f8                HAL_InitTick
 .text.Reset_Handler
                0x080023c8       0x50 CMakeFiles/freertos_C092.dir/startup_stm32c092xx.s.obj
                0x080023c8                Reset_Handler
 .text.Default_Handler
                0x08002418        0x2 CMakeFiles/freertos_C092.dir/startup_stm32c092xx.s.obj
                0x08002418                TIM1_CC_IRQHandler
                0x08002418                I2C1_IRQHandler
                0x08002418                FDCAN1_IT1_IRQHandler
                0x08002418                SPI1_IRQHandler
                0x08002418                USART3_4_IRQHandler
                0x08002418                EXTI2_3_IRQHandler
                0x08002418                ADC1_IRQHandler
                0x08002418                I2C2_IRQHandler
                0x08002418                TIM17_IRQHandler
                0x08002418                RTC_IRQHandler
                0x08002418                TIM16_IRQHandler
                0x08002418                TIM3_IRQHandler
                0x08002418                RCC_IRQHandler
                0x08002418                DMA1_Channel1_IRQHandler
                0x08002418                Default_Handler
                0x08002418                TIM14_IRQHandler
                0x08002418                TIM15_IRQHandler
                0x08002418                EXTI0_1_IRQHandler
                0x08002418                SPI2_IRQHandler
                0x08002418                WWDG_IRQHandler
                0x08002418                FDCAN1_IT0_IRQHandler
                0x08002418                TIM2_IRQHandler
                0x08002418                DMA1_Channel2_3_IRQHandler
                0x08002418                DMAMUX1_DMA1_CH4_5_IRQHandler
                0x08002418                USART2_IRQHandler
                0x08002418                FLASH_IRQHandler
                0x08002418                USART1_IRQHandler
 .text.prvCreateTask
                0x0800241a       0x82 CMakeFiles/freertos_C092.dir/freertos/tasks.c.obj
 .text.xTaskCreate
                0x0800249c       0x4c CMakeFiles/freertos_C092.dir/freertos/tasks.c.obj
                0x0800249c                xTaskCreate
 .text.prvInitialiseNewTask
                0x080024e8       0xd4 CMakeFiles/freertos_C092.dir/freertos/tasks.c.obj
 .text.prvAddNewTaskToReadyList
                0x080025bc      0x118 CMakeFiles/freertos_C092.dir/freertos/tasks.c.obj
 .text.prvCreateIdleTasks
                0x080026d4       0xb0 CMakeFiles/freertos_C092.dir/freertos/tasks.c.obj
 .text.vTaskStartScheduler
                0x08002784       0x4c CMakeFiles/freertos_C092.dir/freertos/tasks.c.obj
                0x08002784                vTaskStartScheduler
 .text.vTaskSuspendAll
                0x080027d0       0x18 CMakeFiles/freertos_C092.dir/freertos/tasks.c.obj
                0x080027d0                vTaskSuspendAll
 .text.xTaskResumeAll
                0x080027e8      0x1dc CMakeFiles/freertos_C092.dir/freertos/tasks.c.obj
                0x080027e8                xTaskResumeAll
 .text.xTaskIncrementTick
                0x080029c4      0x20c CMakeFiles/freertos_C092.dir/freertos/tasks.c.obj
                0x080029c4                xTaskIncrementTick
 .text.vTaskSwitchContext
                0x08002bd0       0x9c CMakeFiles/freertos_C092.dir/freertos/tasks.c.obj
                0x08002bd0                vTaskSwitchContext
 .text.prvIdleTask
                0x08002c6c       0x20 CMakeFiles/freertos_C092.dir/freertos/tasks.c.obj
 .text.prvInitialiseTaskLists
                0x08002c8c       0x70 CMakeFiles/freertos_C092.dir/freertos/tasks.c.obj
 .text.prvCheckTasksWaitingTermination
                0x08002cfc        0xa CMakeFiles/freertos_C092.dir/freertos/tasks.c.obj
 *fill*         0x08002d06        0x2 
 .text.prvResetNextTaskUnblockTime
                0x08002d08       0x34 CMakeFiles/freertos_C092.dir/freertos/tasks.c.obj
 .text.pvPortMalloc
                0x08002d3c      0x164 CMakeFiles/freertos_C092.dir/freertos/portable/MemMang/heap_4.c.obj
                0x08002d3c                pvPortMalloc
 .text.vPortFree
                0x08002ea0       0x74 CMakeFiles/freertos_C092.dir/freertos/portable/MemMang/heap_4.c.obj
                0x08002ea0                vPortFree
 .text.prvHeapInit
                0x08002f14       0xb0 CMakeFiles/freertos_C092.dir/freertos/portable/MemMang/heap_4.c.obj
 .text.prvInsertBlockIntoFreeList
                0x08002fc4       0xb0 CMakeFiles/freertos_C092.dir/freertos/portable/MemMang/heap_4.c.obj
 .text.vPortSetupTimerInterrupt
                0x08003074       0x34 CMakeFiles/freertos_C092.dir/freertos/portable/GCC/ARM_CM0/port.c.obj
                0x08003074                vPortSetupTimerInterrupt
 .text.prvTaskExitError
                0x080030a8       0x1e CMakeFiles/freertos_C092.dir/freertos/portable/GCC/ARM_CM0/port.c.obj
 *fill*         0x080030c6        0x2 
 .text.vPortYield
                0x080030c8       0x20 CMakeFiles/freertos_C092.dir/freertos/portable/GCC/ARM_CM0/port.c.obj
                0x080030c8                vPortYield
 .text.vPortEnterCritical
                0x080030e8       0x24 CMakeFiles/freertos_C092.dir/freertos/portable/GCC/ARM_CM0/port.c.obj
                0x080030e8                vPortEnterCritical
 .text.vPortExitCritical
                0x0800310c       0x24 CMakeFiles/freertos_C092.dir/freertos/portable/GCC/ARM_CM0/port.c.obj
                0x0800310c                vPortExitCritical
 .text.SysTick_Handler
                0x08003130       0x20 CMakeFiles/freertos_C092.dir/freertos/portable/GCC/ARM_CM0/port.c.obj
                0x08003130                SysTick_Handler
 .text.vPortSVCHandler_C
                0x08003150       0x32 CMakeFiles/freertos_C092.dir/freertos/portable/GCC/ARM_CM0/port.c.obj
                0x08003150                vPortSVCHandler_C
 *fill*         0x08003182        0x2 
 .text.pxPortInitialiseStack
                0x08003184      0x11c CMakeFiles/freertos_C092.dir/freertos/portable/GCC/ARM_CM0/port.c.obj
                0x08003184                pxPortInitialiseStack
 .text.xPortStartScheduler
                0x080032a0       0x60 CMakeFiles/freertos_C092.dir/freertos/portable/GCC/ARM_CM0/port.c.obj
                0x080032a0                xPortStartScheduler
 .text.vListInitialise
                0x08003300       0x3c CMakeFiles/freertos_C092.dir/freertos/list.c.obj
                0x08003300                vListInitialise
 .text.vListInitialiseItem
                0x0800333c       0x16 CMakeFiles/freertos_C092.dir/freertos/list.c.obj
                0x0800333c                vListInitialiseItem
 *fill*         0x08003352        0xe 
 .text.vRestoreContextOfFirstTask
                0x08003360       0x28 CMakeFiles/freertos_C092.dir/freertos/portable/GCC/ARM_CM0/portasm.c.obj
                0x08003360                vRestoreContextOfFirstTask
 *fill*         0x08003388        0x8 
 .text.vStartFirstTask
                0x08003390       0x14 CMakeFiles/freertos_C092.dir/freertos/portable/GCC/ARM_CM0/portasm.c.obj
                0x08003390                vStartFirstTask
 *fill*         0x080033a4        0xc 
 .text.PendSV_Handler
                0x080033b0       0x48 CMakeFiles/freertos_C092.dir/freertos/portable/GCC/ARM_CM0/portasm.c.obj
                0x080033b0                PendSV_Handler
 *fill*         0x080033f8        0x8 
 .text.SVC_Handler
                0x08003400       0x28 CMakeFiles/freertos_C092.dir/freertos/portable/GCC/ARM_CM0/portasm.c.obj
                0x08003400                SVC_Handler
 .text.memset   0x08003428       0x10 C:/Users/virendra/AppData/Local/stm32cube/bundles/gnu-tools-for-stm32/13.3.1+st.9/bin/../lib/gcc/arm-none-eabi/13.3.1/../../../../arm-none-eabi/lib/thumb/v6-m/nofp\libg_nano.a(libc_a-memset.o)
                0x08003428                memset
 .text.__libc_init_array
                0x08003438       0x48 C:/Users/virendra/AppData/Local/stm32cube/bundles/gnu-tools-for-stm32/13.3.1+st.9/bin/../lib/gcc/arm-none-eabi/13.3.1/../../../../arm-none-eabi/lib/thumb/v6-m/nofp\libg_nano.a(libc_a-init.o)
                0x08003438                __libc_init_array
 *(.glue_7)
 .glue_7        0x08003480        0x0 linker stubs
 *(.glue_7t)
 .glue_7t       0x08003480        0x0 linker stubs
 *(.eh_frame)
 .eh_frame      0x08003480        0x0 C:/Users/virendra/AppData/Local/stm32cube/bundles/gnu-tools-for-stm32/13.3.1+st.9/bin/../lib/gcc/arm-none-eabi/13.3.1/thumb/v6-m/nofp/crtbegin.o
 *(.init)
 .init          0x08003480        0x4 C:/Users/virendra/AppData/Local/stm32cube/bundles/gnu-tools-for-stm32/13.3.1+st.9/bin/../lib/gcc/arm-none-eabi/13.3.1/thumb/v6-m/nofp/crti.o
                0x08003480                _init
 .init          0x08003484        0x8 C:/Users/virendra/AppData/Local/stm32cube/bundles/gnu-tools-for-stm32/13.3.1+st.9/bin/../lib/gcc/arm-none-eabi/13.3.1/thumb/v6-m/nofp/crtn.o
 *(.fini)
 .fini          0x0800348c        0x4 C:/Users/virendra/AppData/Local/stm32cube/bundles/gnu-tools-for-stm32/13.3.1+st.9/bin/../lib/gcc/arm-none-eabi/13.3.1/thumb/v6-m/nofp/crti.o
                0x0800348c                _fini
 .fini          0x08003490        0x8 C:/Users/virendra/AppData/Local/stm32cube/bundles/gnu-tools-for-stm32/13.3.1+st.9/bin/../lib/gcc/arm-none-eabi/13.3.1/thumb/v6-m/nofp/crtn.o
                0x08003498                        . = ALIGN (0x4)
                0x08003498                        _etext = .

.vfp11_veneer   0x08003498        0x0
 .vfp11_veneer  0x08003498        0x0 linker stubs

.v4_bx          0x08003498        0x0
 .v4_bx         0x08003498        0x0 linker stubs

.iplt           0x08003498        0x0
 .iplt          0x08003498        0x0 C:/Users/virendra/AppData/Local/stm32cube/bundles/gnu-tools-for-stm32/13.3.1+st.9/bin/../lib/gcc/arm-none-eabi/13.3.1/thumb/v6-m/nofp/crtbegin.o

.rodata         0x08003498       0x94
                0x08003498                        . = ALIGN (0x4)
 *(.rodata)
 .rodata        0x08003498        0x7 CMakeFiles/freertos_C092.dir/Core/Src/main.c.obj
 *fill*         0x0800349f        0x1 
 .rodata        0x080034a0        0x5 CMakeFiles/freertos_C092.dir/freertos/tasks.c.obj
 *(.rodata*)
 *fill*         0x080034a5        0x3 
 .rodata.AHBPrescTable
                0x080034a8       0x40 cmake/stm32cubemx/CMakeFiles/STM32_Drivers.dir/__/__/Core/Src/system_stm32c0xx.c.obj
                0x080034a8                AHBPrescTable
 .rodata.APBPrescTable
                0x080034e8       0x20 cmake/stm32cubemx/CMakeFiles/STM32_Drivers.dir/__/__/Core/Src/system_stm32c0xx.c.obj
                0x080034e8                APBPrescTable
 .rodata.UARTPrescTable
                0x08003508       0x18 cmake/stm32cubemx/CMakeFiles/STM32_Drivers.dir/__/__/Drivers/STM32C0xx_HAL_Driver/Src/stm32c0xx_hal_uart.c.obj
                0x08003508                UARTPrescTable
 .rodata.LED_PIN
                0x08003520        0x4 cmake/stm32cubemx/CMakeFiles/STM32_Drivers.dir/__/__/Drivers/BSP/STM32C0xx_Nucleo/stm32c0xx_nucleo.c.obj
 .rodata.BUTTON_EXTI_LINE.2
                0x08003524        0x4 cmake/stm32cubemx/CMakeFiles/STM32_Drivers.dir/__/__/Drivers/BSP/STM32C0xx_Nucleo/stm32c0xx_nucleo.c.obj
 .rodata.uxTopUsedPriority
                0x08003528        0x4 CMakeFiles/freertos_C092.dir/freertos/tasks.c.obj
                0x0800352c                        . = ALIGN (0x4)

.ARM.extab      0x0800352c        0x0
                0x0800352c                        . = ALIGN (0x4)
 *(.ARM.extab* .gnu.linkonce.armextab.*)
                0x0800352c                        . = ALIGN (0x4)

.ARM            0x0800352c        0x0
                0x0800352c                        . = ALIGN (0x4)
                0x0800352c                        __exidx_start = .
 *(.ARM.exidx*)
                0x0800352c                        __exidx_end = .
                0x0800352c                        . = ALIGN (0x4)

.preinit_array  0x0800352c        0x0
                0x0800352c                        . = ALIGN (0x4)
                0x0800352c                        PROVIDE (__preinit_array_start = .)
 *(.preinit_array*)
                0x0800352c                        PROVIDE (__preinit_array_end = .)
                0x0800352c                        . = ALIGN (0x4)

.init_array     0x0800352c        0x4
                0x0800352c                        . = ALIGN (0x4)
                0x0800352c                        PROVIDE (__init_array_start = .)
 *(SORT_BY_NAME(.init_array.*))
 *(.init_array*)
 .init_array    0x0800352c        0x4 C:/Users/virendra/AppData/Local/stm32cube/bundles/gnu-tools-for-stm32/13.3.1+st.9/bin/../lib/gcc/arm-none-eabi/13.3.1/thumb/v6-m/nofp/crtbegin.o
                0x08003530                        PROVIDE (__init_array_end = .)
                0x08003530                        . = ALIGN (0x4)

.fini_array     0x08003530        0x4
                0x08003530                        . = ALIGN (0x4)
                [!provide]                        PROVIDE (__fini_array_start = .)
 *(SORT_BY_NAME(.fini_array.*))
 *(.fini_array*)
 .fini_array    0x08003530        0x4 C:/Users/virendra/AppData/Local/stm32cube/bundles/gnu-tools-for-stm32/13.3.1+st.9/bin/../lib/gcc/arm-none-eabi/13.3.1/thumb/v6-m/nofp/crtbegin.o
                [!provide]                        PROVIDE (__fini_array_end = .)
                0x08003534                        . = ALIGN (0x4)
                0x08003534                        _sidata = LOADADDR (.data)

.rel.dyn        0x08003534        0x0
 .rel.iplt      0x08003534        0x0 C:/Users/virendra/AppData/Local/stm32cube/bundles/gnu-tools-for-stm32/13.3.1+st.9/bin/../lib/gcc/arm-none-eabi/13.3.1/thumb/v6-m/nofp/crtbegin.o

.data           0x20000000       0x28 load address 0x08003534
                0x20000000                        . = ALIGN (0x4)
                0x20000000                        _sdata = .
 *(.data)
 *(.data*)
 .data.SystemCoreClock
                0x20000000        0x4 cmake/stm32cubemx/CMakeFiles/STM32_Drivers.dir/__/__/Core/Src/system_stm32c0xx.c.obj
                0x20000000                SystemCoreClock
 .data.uwTickPrio
                0x20000004        0x4 cmake/stm32cubemx/CMakeFiles/STM32_Drivers.dir/__/__/Drivers/STM32C0xx_HAL_Driver/Src/stm32c0xx_hal.c.obj
                0x20000004                uwTickPrio
 .data.uwTickFreq
                0x20000008        0x1 cmake/stm32cubemx/CMakeFiles/STM32_Drivers.dir/__/__/Drivers/STM32C0xx_HAL_Driver/Src/stm32c0xx_hal.c.obj
                0x20000008                uwTickFreq
 *fill*         0x20000009        0x3 
 .data.COM_USART
                0x2000000c        0x4 cmake/stm32cubemx/CMakeFiles/STM32_Drivers.dir/__/__/Drivers/BSP/STM32C0xx_Nucleo/stm32c0xx_nucleo.c.obj
                0x2000000c                COM_USART
 .data.LED_PORT
                0x20000010        0x8 cmake/stm32cubemx/CMakeFiles/STM32_Drivers.dir/__/__/Drivers/BSP/STM32C0xx_Nucleo/stm32c0xx_nucleo.c.obj
 .data.BUTTON_PORT
                0x20000018        0x4 cmake/stm32cubemx/CMakeFiles/STM32_Drivers.dir/__/__/Drivers/BSP/STM32C0xx_Nucleo/stm32c0xx_nucleo.c.obj
 .data.ButtonCallback.1
                0x2000001c        0x4 cmake/stm32cubemx/CMakeFiles/STM32_Drivers.dir/__/__/Drivers/BSP/STM32C0xx_Nucleo/stm32c0xx_nucleo.c.obj
 .data.BSP_BUTTON_PRIO.0
                0x20000020        0x4 cmake/stm32cubemx/CMakeFiles/STM32_Drivers.dir/__/__/Drivers/BSP/STM32C0xx_Nucleo/stm32c0xx_nucleo.c.obj
 .data.ulCriticalNesting
                0x20000024        0x4 CMakeFiles/freertos_C092.dir/freertos/portable/GCC/ARM_CM0/port.c.obj
 *(.RamFunc)
 *(.RamFunc*)
                0x20000028                        . = ALIGN (0x4)

.igot.plt       0x20000028        0x0 load address 0x0800355c
 .igot.plt      0x20000028        0x0 C:/Users/virendra/AppData/Local/stm32cube/bundles/gnu-tools-for-stm32/13.3.1+st.9/bin/../lib/gcc/arm-none-eabi/13.3.1/thumb/v6-m/nofp/crtbegin.o

.tdata          0x20000028        0x0 load address 0x0800355c
 *(.tdata .tdata.* .gnu.linkonce.td.*)
                0x20000028                        . = ALIGN (0x4)
                0x20000028                        _edata = .
                [!provide]                        PROVIDE (__data_end = .)
                [!provide]                        PROVIDE (__tdata_end = .)
                [!provide]                        PROVIDE (__tdata_start = ADDR (.tdata))
                [!provide]                        PROVIDE (__tdata_size = (__tdata_end - __tdata_start))
                [!provide]                        PROVIDE (__data_start = ADDR (.data))
                [!provide]                        PROVIDE (__data_size = (__data_end - __data_start))
                [!provide]                        PROVIDE (__tdata_source = LOADADDR (.tdata))
                [!provide]                        PROVIDE (__tdata_source_end = (LOADADDR (.tdata) + SIZEOF (.tdata)))
                [!provide]                        PROVIDE (__tdata_source_size = (__tdata_source_end - __tdata_source))
                [!provide]                        PROVIDE (__data_source = LOADADDR (.data))
                [!provide]                        PROVIDE (__data_source_end = __tdata_source_end)
                [!provide]                        PROVIDE (__data_source_size = (__data_source_end - __data_source))

.tbss           0x20000028        0x0 load address 0x0800355c
                0x20000028                        _sbss = .
                0x20000028                        __bss_start__ = _sbss
 *(.tbss .tbss.*)
                0x20000028                        . = ALIGN (0x4)
                [!provide]                        PROVIDE (__tbss_end = .)
                [!provide]                        PROVIDE (__tbss_start = ADDR (.tbss))
                [!provide]                        PROVIDE (__tbss_size = (__tbss_end - __tbss_start))
                [!provide]                        PROVIDE (__tbss_offset = (ADDR (.tbss) - ADDR (.tdata)))
                [!provide]                        PROVIDE (__tls_base = __tdata_start)
                [!provide]                        PROVIDE (__tls_end = __tbss_end)
                [!provide]                        PROVIDE (__tls_size = (__tls_end - __tls_base))
                [!provide]                        PROVIDE (__tls_align = MAX (ALIGNOF (.tdata), ALIGNOF (.tbss)))
                [!provide]                        PROVIDE (__tls_size_align = (((__tls_size + __tls_align) - 0x1) & ~ ((__tls_align - 0x1))))
                [!provide]                        PROVIDE (__arm32_tls_tcb_offset = MAX (0x8, __tls_align))
                [!provide]                        PROVIDE (__arm64_tls_tcb_offset = MAX (0x10, __tls_align))

.bss            0x20000028     0x1210 load address 0x0800355c
 *(.bss)
 .bss           0x20000028       0x1c C:/Users/virendra/AppData/Local/stm32cube/bundles/gnu-tools-for-stm32/13.3.1+st.9/bin/../lib/gcc/arm-none-eabi/13.3.1/thumb/v6-m/nofp/crtbegin.o
 *(.bss*)
 .bss.uwTick    0x20000044        0x4 cmake/stm32cubemx/CMakeFiles/STM32_Drivers.dir/__/__/Drivers/STM32C0xx_HAL_Driver/Src/stm32c0xx_hal.c.obj
                0x20000044                uwTick
 .bss.hpb_exti  0x20000048        0xc cmake/stm32cubemx/CMakeFiles/STM32_Drivers.dir/__/__/Drivers/BSP/STM32C0xx_Nucleo/stm32c0xx_nucleo.c.obj
                0x20000048                hpb_exti
 .bss.hcom_uart
                0x20000054       0x94 cmake/stm32cubemx/CMakeFiles/STM32_Drivers.dir/__/__/Drivers/BSP/STM32C0xx_Nucleo/stm32c0xx_nucleo.c.obj
                0x20000054                hcom_uart
 .bss.BspCOMInit
                0x200000e8       0x10 CMakeFiles/freertos_C092.dir/Core/Src/main.c.obj
                0x200000e8                BspCOMInit
 .bss.htim1     0x200000f8       0x4c CMakeFiles/freertos_C092.dir/Core/Src/stm32c0xx_hal_timebase_tim.c.obj
                0x200000f8                htim1
 .bss.pxCurrentTCB
                0x20000144        0x4 CMakeFiles/freertos_C092.dir/freertos/tasks.c.obj
                0x20000144                pxCurrentTCB
 .bss.pxReadyTasksLists
                0x20000148       0x64 CMakeFiles/freertos_C092.dir/freertos/tasks.c.obj
 .bss.xDelayedTaskList1
                0x200001ac       0x14 CMakeFiles/freertos_C092.dir/freertos/tasks.c.obj
 .bss.xDelayedTaskList2
                0x200001c0       0x14 CMakeFiles/freertos_C092.dir/freertos/tasks.c.obj
 .bss.pxDelayedTaskList
                0x200001d4        0x4 CMakeFiles/freertos_C092.dir/freertos/tasks.c.obj
 .bss.pxOverflowDelayedTaskList
                0x200001d8        0x4 CMakeFiles/freertos_C092.dir/freertos/tasks.c.obj
 .bss.xPendingReadyList
                0x200001dc       0x14 CMakeFiles/freertos_C092.dir/freertos/tasks.c.obj
 .bss.uxCurrentNumberOfTasks
                0x200001f0        0x4 CMakeFiles/freertos_C092.dir/freertos/tasks.c.obj
 .bss.xTickCount
                0x200001f4        0x4 CMakeFiles/freertos_C092.dir/freertos/tasks.c.obj
 .bss.uxTopReadyPriority
                0x200001f8        0x4 CMakeFiles/freertos_C092.dir/freertos/tasks.c.obj
 .bss.xSchedulerRunning
                0x200001fc        0x4 CMakeFiles/freertos_C092.dir/freertos/tasks.c.obj
 .bss.xPendedTicks
                0x20000200        0x4 CMakeFiles/freertos_C092.dir/freertos/tasks.c.obj
 .bss.xYieldPendings
                0x20000204        0x4 CMakeFiles/freertos_C092.dir/freertos/tasks.c.obj
 .bss.xNumOfOverflows
                0x20000208        0x4 CMakeFiles/freertos_C092.dir/freertos/tasks.c.obj
 .bss.uxTaskNumber
                0x2000020c        0x4 CMakeFiles/freertos_C092.dir/freertos/tasks.c.obj
 .bss.xNextTaskUnblockTime
                0x20000210        0x4 CMakeFiles/freertos_C092.dir/freertos/tasks.c.obj
 .bss.xIdleTaskHandles
                0x20000214        0x4 CMakeFiles/freertos_C092.dir/freertos/tasks.c.obj
 .bss.uxSchedulerSuspended
                0x20000218        0x4 CMakeFiles/freertos_C092.dir/freertos/tasks.c.obj
 .bss.ucHeap    0x2000021c     0x1000 CMakeFiles/freertos_C092.dir/freertos/portable/MemMang/heap_4.c.obj
 .bss.xStart    0x2000121c        0x8 CMakeFiles/freertos_C092.dir/freertos/portable/MemMang/heap_4.c.obj
 .bss.pxEnd     0x20001224        0x4 CMakeFiles/freertos_C092.dir/freertos/portable/MemMang/heap_4.c.obj
 .bss.xFreeBytesRemaining
                0x20001228        0x4 CMakeFiles/freertos_C092.dir/freertos/portable/MemMang/heap_4.c.obj
 .bss.xMinimumEverFreeBytesRemaining
                0x2000122c        0x4 CMakeFiles/freertos_C092.dir/freertos/portable/MemMang/heap_4.c.obj
 .bss.xNumberOfSuccessfulAllocations
                0x20001230        0x4 CMakeFiles/freertos_C092.dir/freertos/portable/MemMang/heap_4.c.obj
 .bss.xNumberOfSuccessfulFrees
                0x20001234        0x4 CMakeFiles/freertos_C092.dir/freertos/portable/MemMang/heap_4.c.obj
 *(COMMON)
                0x20001238                        . = ALIGN (0x4)
                0x20001238                        _ebss = .
                0x20001238                        __bss_end__ = _ebss
                [!provide]                        PROVIDE (__bss_end = .)
                [!provide]                        PROVIDE (__non_tls_bss_start = ADDR (.bss))
                [!provide]                        PROVIDE (__bss_start = __tbss_start)
                [!provide]                        PROVIDE (__bss_size = (__bss_end - __bss_start))

._user_heap_stack
                0x20001238      0x600 load address 0x0800355c
                0x20001238                        . = ALIGN (0x8)
                [!provide]                        PROVIDE (end = .)
                0x20001238                        PROVIDE (_end = .)
                0x20001438                        . = (. + _Min_Heap_Size)
 *fill*         0x20001238      0x200 
                0x20001838                        . = (. + _Min_Stack_Size)
 *fill*         0x20001438      0x400 
                0x20001838                        . = ALIGN (0x8)

/DISCARD/
 libc.a:*(*)
 libm.a:*(*)
 libgcc.a:*(*)
OUTPUT(freertos_C092.elf elf32-littlearm)
LOAD linker stubs

.ARM.attributes
                0x00000000       0x28
 .ARM.attributes
                0x00000000       0x1e C:/Users/virendra/AppData/Local/stm32cube/bundles/gnu-tools-for-stm32/13.3.1+st.9/bin/../lib/gcc/arm-none-eabi/13.3.1/thumb/v6-m/nofp/crti.o
 .ARM.attributes
                0x0000001e       0x2c C:/Users/virendra/AppData/Local/stm32cube/bundles/gnu-tools-for-stm32/13.3.1+st.9/bin/../lib/gcc/arm-none-eabi/13.3.1/thumb/v6-m/nofp/crtbegin.o
 .ARM.attributes
                0x0000004a       0x2c cmake/stm32cubemx/CMakeFiles/STM32_Drivers.dir/__/__/Core/Src/system_stm32c0xx.c.obj
 .ARM.attributes
                0x00000076       0x2c cmake/stm32cubemx/CMakeFiles/STM32_Drivers.dir/__/__/Drivers/STM32C0xx_HAL_Driver/Src/stm32c0xx_hal_tim.c.obj
 .ARM.attributes
                0x000000a2       0x2c cmake/stm32cubemx/CMakeFiles/STM32_Drivers.dir/__/__/Drivers/STM32C0xx_HAL_Driver/Src/stm32c0xx_hal_tim_ex.c.obj
 .ARM.attributes
                0x000000ce       0x2c cmake/stm32cubemx/CMakeFiles/STM32_Drivers.dir/__/__/Drivers/STM32C0xx_HAL_Driver/Src/stm32c0xx_hal.c.obj
 .ARM.attributes
                0x000000fa       0x2c cmake/stm32cubemx/CMakeFiles/STM32_Drivers.dir/__/__/Drivers/STM32C0xx_HAL_Driver/Src/stm32c0xx_hal_cortex.c.obj
 .ARM.attributes
                0x00000126       0x2c cmake/stm32cubemx/CMakeFiles/STM32_Drivers.dir/__/__/Drivers/STM32C0xx_HAL_Driver/Src/stm32c0xx_hal_rcc.c.obj
 .ARM.attributes
                0x00000152       0x2c cmake/stm32cubemx/CMakeFiles/STM32_Drivers.dir/__/__/Drivers/STM32C0xx_HAL_Driver/Src/stm32c0xx_hal_gpio.c.obj
 .ARM.attributes
                0x0000017e       0x2c cmake/stm32cubemx/CMakeFiles/STM32_Drivers.dir/__/__/Drivers/STM32C0xx_HAL_Driver/Src/stm32c0xx_hal_exti.c.obj
 .ARM.attributes
                0x000001aa       0x2c cmake/stm32cubemx/CMakeFiles/STM32_Drivers.dir/__/__/Drivers/STM32C0xx_HAL_Driver/Src/stm32c0xx_hal_uart.c.obj
 .ARM.attributes
                0x000001d6       0x2c cmake/stm32cubemx/CMakeFiles/STM32_Drivers.dir/__/__/Drivers/BSP/STM32C0xx_Nucleo/stm32c0xx_nucleo.c.obj
 .ARM.attributes
                0x00000202       0x2c CMakeFiles/freertos_C092.dir/Core/Src/main.c.obj
 .ARM.attributes
                0x0000022e       0x2c CMakeFiles/freertos_C092.dir/Core/Src/stm32c0xx_it.c.obj
 .ARM.attributes
                0x0000025a       0x2c CMakeFiles/freertos_C092.dir/Core/Src/stm32c0xx_hal_msp.c.obj
 .ARM.attributes
                0x00000286       0x2c CMakeFiles/freertos_C092.dir/Core/Src/stm32c0xx_hal_timebase_tim.c.obj
 .ARM.attributes
                0x000002b2       0x22 CMakeFiles/freertos_C092.dir/startup_stm32c092xx.s.obj
 .ARM.attributes
                0x000002d4       0x2c CMakeFiles/freertos_C092.dir/freertos/tasks.c.obj
 .ARM.attributes
                0x00000300       0x2c CMakeFiles/freertos_C092.dir/freertos/portable/MemMang/heap_4.c.obj
 .ARM.attributes
                0x0000032c       0x2c CMakeFiles/freertos_C092.dir/freertos/portable/GCC/ARM_CM0/port.c.obj
 .ARM.attributes
                0x00000358       0x2c CMakeFiles/freertos_C092.dir/freertos/list.c.obj
 .ARM.attributes
                0x00000384       0x2c CMakeFiles/freertos_C092.dir/freertos/portable/GCC/ARM_CM0/portasm.c.obj
 .ARM.attributes
                0x000003b0       0x1e C:/Users/virendra/AppData/Local/stm32cube/bundles/gnu-tools-for-stm32/13.3.1+st.9/bin/../lib/gcc/arm-none-eabi/13.3.1/thumb/v6-m/nofp\libgcc.a(_udivsi3.o)
 .ARM.attributes
                0x000003ce       0x1e C:/Users/virendra/AppData/Local/stm32cube/bundles/gnu-tools-for-stm32/13.3.1+st.9/bin/../lib/gcc/arm-none-eabi/13.3.1/thumb/v6-m/nofp\libgcc.a(_dvmd_tls.o)
 .ARM.attributes
                0x000003ec       0x2c C:/Users/virendra/AppData/Local/stm32cube/bundles/gnu-tools-for-stm32/13.3.1+st.9/bin/../lib/gcc/arm-none-eabi/13.3.1/../../../../arm-none-eabi/lib/thumb/v6-m/nofp\libg_nano.a(libc_a-memset.o)
 .ARM.attributes
                0x00000418       0x2c C:/Users/virendra/AppData/Local/stm32cube/bundles/gnu-tools-for-stm32/13.3.1+st.9/bin/../lib/gcc/arm-none-eabi/13.3.1/../../../../arm-none-eabi/lib/thumb/v6-m/nofp\libg_nano.a(libc_a-init.o)
 .ARM.attributes
                0x00000444       0x1e C:/Users/virendra/AppData/Local/stm32cube/bundles/gnu-tools-for-stm32/13.3.1+st.9/bin/../lib/gcc/arm-none-eabi/13.3.1/thumb/v6-m/nofp/crtn.o

.comment        0x00000000       0x43
 .comment       0x00000000       0x43 cmake/stm32cubemx/CMakeFiles/STM32_Drivers.dir/__/__/Core/Src/system_stm32c0xx.c.obj
                                 0x44 (size before relaxing)
 .comment       0x00000043        0x0 cmake/stm32cubemx/CMakeFiles/STM32_Drivers.dir/__/__/Drivers/STM32C0xx_HAL_Driver/Src/stm32c0xx_hal_tim.c.obj
                                 0x44 (size before relaxing)
 .comment       0x00000043        0x0 cmake/stm32cubemx/CMakeFiles/STM32_Drivers.dir/__/__/Drivers/STM32C0xx_HAL_Driver/Src/stm32c0xx_hal_tim_ex.c.obj
                                 0x44 (size before relaxing)
 .comment       0x00000043        0x0 cmake/stm32cubemx/CMakeFiles/STM32_Drivers.dir/__/__/Drivers/STM32C0xx_HAL_Driver/Src/stm32c0xx_hal.c.obj
                                 0x44 (size before relaxing)
 .comment       0x00000043        0x0 cmake/stm32cubemx/CMakeFiles/STM32_Drivers.dir/__/__/Drivers/STM32C0xx_HAL_Driver/Src/stm32c0xx_hal_cortex.c.obj
                                 0x44 (size before relaxing)
 .comment       0x00000043        0x0 cmake/stm32cubemx/CMakeFiles/STM32_Drivers.dir/__/__/Drivers/STM32C0xx_HAL_Driver/Src/stm32c0xx_hal_rcc.c.obj
                                 0x44 (size before relaxing)
 .comment       0x00000043        0x0 cmake/stm32cubemx/CMakeFiles/STM32_Drivers.dir/__/__/Drivers/STM32C0xx_HAL_Driver/Src/stm32c0xx_hal_gpio.c.obj
                                 0x44 (size before relaxing)
 .comment       0x00000043        0x0 cmake/stm32cubemx/CMakeFiles/STM32_Drivers.dir/__/__/Drivers/STM32C0xx_HAL_Driver/Src/stm32c0xx_hal_exti.c.obj
                                 0x44 (size before relaxing)
 .comment       0x00000043        0x0 cmake/stm32cubemx/CMakeFiles/STM32_Drivers.dir/__/__/Drivers/STM32C0xx_HAL_Driver/Src/stm32c0xx_hal_uart.c.obj
                                 0x44 (size before relaxing)
 .comment       0x00000043        0x0 cmake/stm32cubemx/CMakeFiles/STM32_Drivers.dir/__/__/Drivers/BSP/STM32C0xx_Nucleo/stm32c0xx_nucleo.c.obj
                                 0x44 (size before relaxing)
 .comment       0x00000043        0x0 CMakeFiles/freertos_C092.dir/Core/Src/main.c.obj
                                 0x44 (size before relaxing)
 .comment       0x00000043        0x0 CMakeFiles/freertos_C092.dir/Core/Src/stm32c0xx_it.c.obj
                                 0x44 (size before relaxing)
 .comment       0x00000043        0x0 CMakeFiles/freertos_C092.dir/Core/Src/stm32c0xx_hal_msp.c.obj
                                 0x44 (size before relaxing)
 .comment       0x00000043        0x0 CMakeFiles/freertos_C092.dir/Core/Src/stm32c0xx_hal_timebase_tim.c.obj
                                 0x44 (size before relaxing)
 .comment       0x00000043        0x0 CMakeFiles/freertos_C092.dir/freertos/tasks.c.obj
                                 0x44 (size before relaxing)
 .comment       0x00000043        0x0 CMakeFiles/freertos_C092.dir/freertos/portable/MemMang/heap_4.c.obj
                                 0x44 (size before relaxing)
 .comment       0x00000043        0x0 CMakeFiles/freertos_C092.dir/freertos/portable/GCC/ARM_CM0/port.c.obj
                                 0x44 (size before relaxing)
 .comment       0x00000043        0x0 CMakeFiles/freertos_C092.dir/freertos/list.c.obj
                                 0x44 (size before relaxing)
 .comment       0x00000043        0x0 CMakeFiles/freertos_C092.dir/freertos/portable/GCC/ARM_CM0/portasm.c.obj
                                 0x44 (size before relaxing)
 .comment       0x00000043        0x0 C:/Users/virendra/AppData/Local/stm32cube/bundles/gnu-tools-for-stm32/13.3.1+st.9/bin/../lib/gcc/arm-none-eabi/13.3.1/../../../../arm-none-eabi/lib/thumb/v6-m/nofp\libg_nano.a(libc_a-memset.o)
                                 0x44 (size before relaxing)
 .comment       0x00000043        0x0 C:/Users/virendra/AppData/Local/stm32cube/bundles/gnu-tools-for-stm32/13.3.1+st.9/bin/../lib/gcc/arm-none-eabi/13.3.1/../../../../arm-none-eabi/lib/thumb/v6-m/nofp\libg_nano.a(libc_a-init.o)
                                 0x44 (size before relaxing)

.debug_info     0x00000000    0x11245
 .debug_info    0x00000000      0x373 cmake/stm32cubemx/CMakeFiles/STM32_Drivers.dir/__/__/Core/Src/system_stm32c0xx.c.obj
 .debug_info    0x00000373     0x2b86 cmake/stm32cubemx/CMakeFiles/STM32_Drivers.dir/__/__/Drivers/STM32C0xx_HAL_Driver/Src/stm32c0xx_hal_tim.c.obj
 .debug_info    0x00002ef9     0x1899 cmake/stm32cubemx/CMakeFiles/STM32_Drivers.dir/__/__/Drivers/STM32C0xx_HAL_Driver/Src/stm32c0xx_hal_tim_ex.c.obj
 .debug_info    0x00004792      0x85c cmake/stm32cubemx/CMakeFiles/STM32_Drivers.dir/__/__/Drivers/STM32C0xx_HAL_Driver/Src/stm32c0xx_hal.c.obj
 .debug_info    0x00004fee      0x8a5 cmake/stm32cubemx/CMakeFiles/STM32_Drivers.dir/__/__/Drivers/STM32C0xx_HAL_Driver/Src/stm32c0xx_hal_cortex.c.obj
 .debug_info    0x00005893      0x917 cmake/stm32cubemx/CMakeFiles/STM32_Drivers.dir/__/__/Drivers/STM32C0xx_HAL_Driver/Src/stm32c0xx_hal_rcc.c.obj
 .debug_info    0x000061aa      0x59f cmake/stm32cubemx/CMakeFiles/STM32_Drivers.dir/__/__/Drivers/STM32C0xx_HAL_Driver/Src/stm32c0xx_hal_gpio.c.obj
 .debug_info    0x00006749      0x62d cmake/stm32cubemx/CMakeFiles/STM32_Drivers.dir/__/__/Drivers/STM32C0xx_HAL_Driver/Src/stm32c0xx_hal_exti.c.obj
 .debug_info    0x00006d76     0x4840 cmake/stm32cubemx/CMakeFiles/STM32_Drivers.dir/__/__/Drivers/STM32C0xx_HAL_Driver/Src/stm32c0xx_hal_uart.c.obj
 .debug_info    0x0000b5b6     0x1564 cmake/stm32cubemx/CMakeFiles/STM32_Drivers.dir/__/__/Drivers/BSP/STM32C0xx_Nucleo/stm32c0xx_nucleo.c.obj
 .debug_info    0x0000cb1a      0xf64 CMakeFiles/freertos_C092.dir/Core/Src/main.c.obj
 .debug_info    0x0000da7e      0x7ca CMakeFiles/freertos_C092.dir/Core/Src/stm32c0xx_it.c.obj
 .debug_info    0x0000e248      0x21e CMakeFiles/freertos_C092.dir/Core/Src/stm32c0xx_hal_msp.c.obj
 .debug_info    0x0000e466      0xb3b CMakeFiles/freertos_C092.dir/Core/Src/stm32c0xx_hal_timebase_tim.c.obj
 .debug_info    0x0000efa1       0x30 CMakeFiles/freertos_C092.dir/startup_stm32c092xx.s.obj
 .debug_info    0x0000efd1     0x14ea CMakeFiles/freertos_C092.dir/freertos/tasks.c.obj
 .debug_info    0x000104bb      0x4bc CMakeFiles/freertos_C092.dir/freertos/portable/MemMang/heap_4.c.obj
 .debug_info    0x00010977      0x2e6 CMakeFiles/freertos_C092.dir/freertos/portable/GCC/ARM_CM0/port.c.obj
 .debug_info    0x00010c5d      0x2aa CMakeFiles/freertos_C092.dir/freertos/list.c.obj
 .debug_info    0x00010f07      0x153 CMakeFiles/freertos_C092.dir/freertos/portable/GCC/ARM_CM0/portasm.c.obj
 .debug_info    0x0001105a       0xe0 C:/Users/virendra/AppData/Local/stm32cube/bundles/gnu-tools-for-stm32/13.3.1+st.9/bin/../lib/gcc/arm-none-eabi/13.3.1/../../../../arm-none-eabi/lib/thumb/v6-m/nofp\libg_nano.a(libc_a-memset.o)
 .debug_info    0x0001113a      0x10b C:/Users/virendra/AppData/Local/stm32cube/bundles/gnu-tools-for-stm32/13.3.1+st.9/bin/../lib/gcc/arm-none-eabi/13.3.1/../../../../arm-none-eabi/lib/thumb/v6-m/nofp\libg_nano.a(libc_a-init.o)

.debug_abbrev   0x00000000     0x288d
 .debug_abbrev  0x00000000      0x119 cmake/stm32cubemx/CMakeFiles/STM32_Drivers.dir/__/__/Core/Src/system_stm32c0xx.c.obj
 .debug_abbrev  0x00000119      0x287 cmake/stm32cubemx/CMakeFiles/STM32_Drivers.dir/__/__/Drivers/STM32C0xx_HAL_Driver/Src/stm32c0xx_hal_tim.c.obj
 .debug_abbrev  0x000003a0      0x2a7 cmake/stm32cubemx/CMakeFiles/STM32_Drivers.dir/__/__/Drivers/STM32C0xx_HAL_Driver/Src/stm32c0xx_hal_tim_ex.c.obj
 .debug_abbrev  0x00000647      0x2cb cmake/stm32cubemx/CMakeFiles/STM32_Drivers.dir/__/__/Drivers/STM32C0xx_HAL_Driver/Src/stm32c0xx_hal.c.obj
 .debug_abbrev  0x00000912      0x2b7 cmake/stm32cubemx/CMakeFiles/STM32_Drivers.dir/__/__/Drivers/STM32C0xx_HAL_Driver/Src/stm32c0xx_hal_cortex.c.obj
 .debug_abbrev  0x00000bc9      0x28c cmake/stm32cubemx/CMakeFiles/STM32_Drivers.dir/__/__/Drivers/STM32C0xx_HAL_Driver/Src/stm32c0xx_hal_rcc.c.obj
 .debug_abbrev  0x00000e55      0x1db cmake/stm32cubemx/CMakeFiles/STM32_Drivers.dir/__/__/Drivers/STM32C0xx_HAL_Driver/Src/stm32c0xx_hal_gpio.c.obj
 .debug_abbrev  0x00001030      0x198 cmake/stm32cubemx/CMakeFiles/STM32_Drivers.dir/__/__/Drivers/STM32C0xx_HAL_Driver/Src/stm32c0xx_hal_exti.c.obj
 .debug_abbrev  0x000011c8      0x311 cmake/stm32cubemx/CMakeFiles/STM32_Drivers.dir/__/__/Drivers/STM32C0xx_HAL_Driver/Src/stm32c0xx_hal_uart.c.obj
 .debug_abbrev  0x000014d9      0x325 cmake/stm32cubemx/CMakeFiles/STM32_Drivers.dir/__/__/Drivers/BSP/STM32C0xx_Nucleo/stm32c0xx_nucleo.c.obj
 .debug_abbrev  0x000017fe      0x281 CMakeFiles/freertos_C092.dir/Core/Src/main.c.obj
 .debug_abbrev  0x00001a7f      0x18e CMakeFiles/freertos_C092.dir/Core/Src/stm32c0xx_it.c.obj
 .debug_abbrev  0x00001c0d       0xd6 CMakeFiles/freertos_C092.dir/Core/Src/stm32c0xx_hal_msp.c.obj
 .debug_abbrev  0x00001ce3      0x21a CMakeFiles/freertos_C092.dir/Core/Src/stm32c0xx_hal_timebase_tim.c.obj
 .debug_abbrev  0x00001efd       0x24 CMakeFiles/freertos_C092.dir/startup_stm32c092xx.s.obj
 .debug_abbrev  0x00001f21      0x2f5 CMakeFiles/freertos_C092.dir/freertos/tasks.c.obj
 .debug_abbrev  0x00002216      0x1f5 CMakeFiles/freertos_C092.dir/freertos/portable/MemMang/heap_4.c.obj
 .debug_abbrev  0x0000240b      0x175 CMakeFiles/freertos_C092.dir/freertos/portable/GCC/ARM_CM0/port.c.obj
 .debug_abbrev  0x00002580       0xee CMakeFiles/freertos_C092.dir/freertos/list.c.obj
 .debug_abbrev  0x0000266e       0xb8 CMakeFiles/freertos_C092.dir/freertos/portable/GCC/ARM_CM0/portasm.c.obj
 .debug_abbrev  0x00002726       0x9e C:/Users/virendra/AppData/Local/stm32cube/bundles/gnu-tools-for-stm32/13.3.1+st.9/bin/../lib/gcc/arm-none-eabi/13.3.1/../../../../arm-none-eabi/lib/thumb/v6-m/nofp\libg_nano.a(libc_a-memset.o)
 .debug_abbrev  0x000027c4       0xc9 C:/Users/virendra/AppData/Local/stm32cube/bundles/gnu-tools-for-stm32/13.3.1+st.9/bin/../lib/gcc/arm-none-eabi/13.3.1/../../../../arm-none-eabi/lib/thumb/v6-m/nofp\libg_nano.a(libc_a-init.o)

.debug_aranges  0x00000000     0x1018
 .debug_aranges
                0x00000000       0x28 cmake/stm32cubemx/CMakeFiles/STM32_Drivers.dir/__/__/Core/Src/system_stm32c0xx.c.obj
 .debug_aranges
                0x00000028      0x3e0 cmake/stm32cubemx/CMakeFiles/STM32_Drivers.dir/__/__/Drivers/STM32C0xx_HAL_Driver/Src/stm32c0xx_hal_tim.c.obj
 .debug_aranges
                0x00000408      0x198 cmake/stm32cubemx/CMakeFiles/STM32_Drivers.dir/__/__/Drivers/STM32C0xx_HAL_Driver/Src/stm32c0xx_hal_tim_ex.c.obj
 .debug_aranges
                0x000005a0      0x100 cmake/stm32cubemx/CMakeFiles/STM32_Drivers.dir/__/__/Drivers/STM32C0xx_HAL_Driver/Src/stm32c0xx_hal.c.obj
 .debug_aranges
                0x000006a0       0xe8 cmake/stm32cubemx/CMakeFiles/STM32_Drivers.dir/__/__/Drivers/STM32C0xx_HAL_Driver/Src/stm32c0xx_hal_cortex.c.obj
 .debug_aranges
                0x00000788       0xa0 cmake/stm32cubemx/CMakeFiles/STM32_Drivers.dir/__/__/Drivers/STM32C0xx_HAL_Driver/Src/stm32c0xx_hal_rcc.c.obj
 .debug_aranges
                0x00000828       0x68 cmake/stm32cubemx/CMakeFiles/STM32_Drivers.dir/__/__/Drivers/STM32C0xx_HAL_Driver/Src/stm32c0xx_hal_gpio.c.obj
 .debug_aranges
                0x00000890       0x60 cmake/stm32cubemx/CMakeFiles/STM32_Drivers.dir/__/__/Drivers/STM32C0xx_HAL_Driver/Src/stm32c0xx_hal_exti.c.obj
 .debug_aranges
                0x000008f0      0x248 cmake/stm32cubemx/CMakeFiles/STM32_Drivers.dir/__/__/Drivers/STM32C0xx_HAL_Driver/Src/stm32c0xx_hal_uart.c.obj
 .debug_aranges
                0x00000b38       0xc8 cmake/stm32cubemx/CMakeFiles/STM32_Drivers.dir/__/__/Drivers/BSP/STM32C0xx_Nucleo/stm32c0xx_nucleo.c.obj
 .debug_aranges
                0x00000c00       0x50 CMakeFiles/freertos_C092.dir/Core/Src/main.c.obj
 .debug_aranges
                0x00000c50       0x38 CMakeFiles/freertos_C092.dir/Core/Src/stm32c0xx_it.c.obj
 .debug_aranges
                0x00000c88       0x20 CMakeFiles/freertos_C092.dir/Core/Src/stm32c0xx_hal_msp.c.obj
 .debug_aranges
                0x00000ca8       0x30 CMakeFiles/freertos_C092.dir/Core/Src/stm32c0xx_hal_timebase_tim.c.obj
 .debug_aranges
                0x00000cd8       0x28 CMakeFiles/freertos_C092.dir/startup_stm32c092xx.s.obj
 .debug_aranges
                0x00000d00      0x158 CMakeFiles/freertos_C092.dir/freertos/tasks.c.obj
 .debug_aranges
                0x00000e58       0x70 CMakeFiles/freertos_C092.dir/freertos/portable/MemMang/heap_4.c.obj
 .debug_aranges
                0x00000ec8       0x70 CMakeFiles/freertos_C092.dir/freertos/portable/GCC/ARM_CM0/port.c.obj
 .debug_aranges
                0x00000f38       0x40 CMakeFiles/freertos_C092.dir/freertos/list.c.obj
 .debug_aranges
                0x00000f78       0x60 CMakeFiles/freertos_C092.dir/freertos/portable/GCC/ARM_CM0/portasm.c.obj
 .debug_aranges
                0x00000fd8       0x20 C:/Users/virendra/AppData/Local/stm32cube/bundles/gnu-tools-for-stm32/13.3.1+st.9/bin/../lib/gcc/arm-none-eabi/13.3.1/../../../../arm-none-eabi/lib/thumb/v6-m/nofp\libg_nano.a(libc_a-memset.o)
 .debug_aranges
                0x00000ff8       0x20 C:/Users/virendra/AppData/Local/stm32cube/bundles/gnu-tools-for-stm32/13.3.1+st.9/bin/../lib/gcc/arm-none-eabi/13.3.1/../../../../arm-none-eabi/lib/thumb/v6-m/nofp\libg_nano.a(libc_a-init.o)

.debug_rnglists
                0x00000000      0xc81
 .debug_rnglists
                0x00000000       0x1a cmake/stm32cubemx/CMakeFiles/STM32_Drivers.dir/__/__/Core/Src/system_stm32c0xx.c.obj
 .debug_rnglists
                0x0000001a      0x32a cmake/stm32cubemx/CMakeFiles/STM32_Drivers.dir/__/__/Drivers/STM32C0xx_HAL_Driver/Src/stm32c0xx_hal_tim.c.obj
 .debug_rnglists
                0x00000344      0x14e cmake/stm32cubemx/CMakeFiles/STM32_Drivers.dir/__/__/Drivers/STM32C0xx_HAL_Driver/Src/stm32c0xx_hal_tim_ex.c.obj
 .debug_rnglists
                0x00000492       0xbc cmake/stm32cubemx/CMakeFiles/STM32_Drivers.dir/__/__/Drivers/STM32C0xx_HAL_Driver/Src/stm32c0xx_hal.c.obj
 .debug_rnglists
                0x0000054e       0xaa cmake/stm32cubemx/CMakeFiles/STM32_Drivers.dir/__/__/Drivers/STM32C0xx_HAL_Driver/Src/stm32c0xx_hal_cortex.c.obj
 .debug_rnglists
                0x000005f8       0x78 cmake/stm32cubemx/CMakeFiles/STM32_Drivers.dir/__/__/Drivers/STM32C0xx_HAL_Driver/Src/stm32c0xx_hal_rcc.c.obj
 .debug_rnglists
                0x00000670       0x4b cmake/stm32cubemx/CMakeFiles/STM32_Drivers.dir/__/__/Drivers/STM32C0xx_HAL_Driver/Src/stm32c0xx_hal_gpio.c.obj
 .debug_rnglists
                0x000006bb       0x47 cmake/stm32cubemx/CMakeFiles/STM32_Drivers.dir/__/__/Drivers/STM32C0xx_HAL_Driver/Src/stm32c0xx_hal_exti.c.obj
 .debug_rnglists
                0x00000702      0x1fb cmake/stm32cubemx/CMakeFiles/STM32_Drivers.dir/__/__/Drivers/STM32C0xx_HAL_Driver/Src/stm32c0xx_hal_uart.c.obj
 .debug_rnglists
                0x000008fd       0x95 cmake/stm32cubemx/CMakeFiles/STM32_Drivers.dir/__/__/Drivers/BSP/STM32C0xx_Nucleo/stm32c0xx_nucleo.c.obj
 .debug_rnglists
                0x00000992       0x39 CMakeFiles/freertos_C092.dir/Core/Src/main.c.obj
 .debug_rnglists
                0x000009cb       0x25 CMakeFiles/freertos_C092.dir/Core/Src/stm32c0xx_it.c.obj
 .debug_rnglists
                0x000009f0       0x13 CMakeFiles/freertos_C092.dir/Core/Src/stm32c0xx_hal_msp.c.obj
 .debug_rnglists
                0x00000a03       0x20 CMakeFiles/freertos_C092.dir/Core/Src/stm32c0xx_hal_timebase_tim.c.obj
 .debug_rnglists
                0x00000a23       0x19 CMakeFiles/freertos_C092.dir/startup_stm32c092xx.s.obj
 .debug_rnglists
                0x00000a3c      0x10e CMakeFiles/freertos_C092.dir/freertos/tasks.c.obj
 .debug_rnglists
                0x00000b4a       0x53 CMakeFiles/freertos_C092.dir/freertos/portable/MemMang/heap_4.c.obj
 .debug_rnglists
                0x00000b9d       0x50 CMakeFiles/freertos_C092.dir/freertos/portable/GCC/ARM_CM0/port.c.obj
 .debug_rnglists
                0x00000bed       0x2b CMakeFiles/freertos_C092.dir/freertos/list.c.obj
 .debug_rnglists
                0x00000c18       0x43 CMakeFiles/freertos_C092.dir/freertos/portable/GCC/ARM_CM0/portasm.c.obj
 .debug_rnglists
                0x00000c5b       0x13 C:/Users/virendra/AppData/Local/stm32cube/bundles/gnu-tools-for-stm32/13.3.1+st.9/bin/../lib/gcc/arm-none-eabi/13.3.1/../../../../arm-none-eabi/lib/thumb/v6-m/nofp\libg_nano.a(libc_a-memset.o)
 .debug_rnglists
                0x00000c6e       0x13 C:/Users/virendra/AppData/Local/stm32cube/bundles/gnu-tools-for-stm32/13.3.1+st.9/bin/../lib/gcc/arm-none-eabi/13.3.1/../../../../arm-none-eabi/lib/thumb/v6-m/nofp\libg_nano.a(libc_a-init.o)

.debug_macro    0x00000000    0x1889d
 .debug_macro   0x00000000      0x1d6 cmake/stm32cubemx/CMakeFiles/STM32_Drivers.dir/__/__/Core/Src/system_stm32c0xx.c.obj
 .debug_macro   0x000001d6      0xab4 cmake/stm32cubemx/CMakeFiles/STM32_Drivers.dir/__/__/Core/Src/system_stm32c0xx.c.obj
 .debug_macro   0x00000c8a       0x2e cmake/stm32cubemx/CMakeFiles/STM32_Drivers.dir/__/__/Core/Src/system_stm32c0xx.c.obj
 .debug_macro   0x00000cb8       0x28 cmake/stm32cubemx/CMakeFiles/STM32_Drivers.dir/__/__/Core/Src/system_stm32c0xx.c.obj
 .debug_macro   0x00000ce0       0x22 cmake/stm32cubemx/CMakeFiles/STM32_Drivers.dir/__/__/Core/Src/system_stm32c0xx.c.obj
 .debug_macro   0x00000d02       0x8e cmake/stm32cubemx/CMakeFiles/STM32_Drivers.dir/__/__/Core/Src/system_stm32c0xx.c.obj
 .debug_macro   0x00000d90       0x51 cmake/stm32cubemx/CMakeFiles/STM32_Drivers.dir/__/__/Core/Src/system_stm32c0xx.c.obj
 .debug_macro   0x00000de1      0x103 cmake/stm32cubemx/CMakeFiles/STM32_Drivers.dir/__/__/Core/Src/system_stm32c0xx.c.obj
 .debug_macro   0x00000ee4       0x6a cmake/stm32cubemx/CMakeFiles/STM32_Drivers.dir/__/__/Core/Src/system_stm32c0xx.c.obj
 .debug_macro   0x00000f4e      0x1df cmake/stm32cubemx/CMakeFiles/STM32_Drivers.dir/__/__/Core/Src/system_stm32c0xx.c.obj
 .debug_macro   0x0000112d       0x1c cmake/stm32cubemx/CMakeFiles/STM32_Drivers.dir/__/__/Core/Src/system_stm32c0xx.c.obj
 .debug_macro   0x00001149       0x22 cmake/stm32cubemx/CMakeFiles/STM32_Drivers.dir/__/__/Core/Src/system_stm32c0xx.c.obj
 .debug_macro   0x0000116b       0xd1 cmake/stm32cubemx/CMakeFiles/STM32_Drivers.dir/__/__/Core/Src/system_stm32c0xx.c.obj
 .debug_macro   0x0000123c      0x4da cmake/stm32cubemx/CMakeFiles/STM32_Drivers.dir/__/__/Core/Src/system_stm32c0xx.c.obj
 .debug_macro   0x00001716      0x11f cmake/stm32cubemx/CMakeFiles/STM32_Drivers.dir/__/__/Core/Src/system_stm32c0xx.c.obj
 .debug_macro   0x00001835     0xab92 cmake/stm32cubemx/CMakeFiles/STM32_Drivers.dir/__/__/Core/Src/system_stm32c0xx.c.obj
 .debug_macro   0x0000c3c7       0x6d cmake/stm32cubemx/CMakeFiles/STM32_Drivers.dir/__/__/Core/Src/system_stm32c0xx.c.obj
 .debug_macro   0x0000c434      0x1c8 cmake/stm32cubemx/CMakeFiles/STM32_Drivers.dir/__/__/Core/Src/system_stm32c0xx.c.obj
 .debug_macro   0x0000c5fc       0xe9 cmake/stm32cubemx/CMakeFiles/STM32_Drivers.dir/__/__/Core/Src/system_stm32c0xx.c.obj
 .debug_macro   0x0000c6e5     0x3440 cmake/stm32cubemx/CMakeFiles/STM32_Drivers.dir/__/__/Core/Src/system_stm32c0xx.c.obj
 .debug_macro   0x0000fb25      0x190 cmake/stm32cubemx/CMakeFiles/STM32_Drivers.dir/__/__/Core/Src/system_stm32c0xx.c.obj
 .debug_macro   0x0000fcb5       0x5b cmake/stm32cubemx/CMakeFiles/STM32_Drivers.dir/__/__/Core/Src/system_stm32c0xx.c.obj
 .debug_macro   0x0000fd10      0x3f9 cmake/stm32cubemx/CMakeFiles/STM32_Drivers.dir/__/__/Core/Src/system_stm32c0xx.c.obj
 .debug_macro   0x00010109      0xd8c cmake/stm32cubemx/CMakeFiles/STM32_Drivers.dir/__/__/Core/Src/system_stm32c0xx.c.obj
 .debug_macro   0x00010e95      0x176 cmake/stm32cubemx/CMakeFiles/STM32_Drivers.dir/__/__/Core/Src/system_stm32c0xx.c.obj
 .debug_macro   0x0001100b      0x15f cmake/stm32cubemx/CMakeFiles/STM32_Drivers.dir/__/__/Core/Src/system_stm32c0xx.c.obj
 .debug_macro   0x0001116a      0x253 cmake/stm32cubemx/CMakeFiles/STM32_Drivers.dir/__/__/Core/Src/system_stm32c0xx.c.obj
 .debug_macro   0x000113bd      0x352 cmake/stm32cubemx/CMakeFiles/STM32_Drivers.dir/__/__/Core/Src/system_stm32c0xx.c.obj
 .debug_macro   0x0001170f      0x18b cmake/stm32cubemx/CMakeFiles/STM32_Drivers.dir/__/__/Core/Src/system_stm32c0xx.c.obj
 .debug_macro   0x0001189a       0x43 cmake/stm32cubemx/CMakeFiles/STM32_Drivers.dir/__/__/Core/Src/system_stm32c0xx.c.obj
 .debug_macro   0x000118dd      0x1f1 cmake/stm32cubemx/CMakeFiles/STM32_Drivers.dir/__/__/Core/Src/system_stm32c0xx.c.obj
 .debug_macro   0x00011ace      0x1b1 cmake/stm32cubemx/CMakeFiles/STM32_Drivers.dir/__/__/Core/Src/system_stm32c0xx.c.obj
 .debug_macro   0x00011c7f      0x37c cmake/stm32cubemx/CMakeFiles/STM32_Drivers.dir/__/__/Core/Src/system_stm32c0xx.c.obj
 .debug_macro   0x00011ffb       0x28 cmake/stm32cubemx/CMakeFiles/STM32_Drivers.dir/__/__/Core/Src/system_stm32c0xx.c.obj
 .debug_macro   0x00012023       0xb3 cmake/stm32cubemx/CMakeFiles/STM32_Drivers.dir/__/__/Core/Src/system_stm32c0xx.c.obj
 .debug_macro   0x000120d6      0x11d cmake/stm32cubemx/CMakeFiles/STM32_Drivers.dir/__/__/Core/Src/system_stm32c0xx.c.obj
 .debug_macro   0x000121f3       0xf6 cmake/stm32cubemx/CMakeFiles/STM32_Drivers.dir/__/__/Core/Src/system_stm32c0xx.c.obj
 .debug_macro   0x000122e9      0xaa6 cmake/stm32cubemx/CMakeFiles/STM32_Drivers.dir/__/__/Core/Src/system_stm32c0xx.c.obj
 .debug_macro   0x00012d8f      0x11b cmake/stm32cubemx/CMakeFiles/STM32_Drivers.dir/__/__/Core/Src/system_stm32c0xx.c.obj
 .debug_macro   0x00012eaa      0x67e cmake/stm32cubemx/CMakeFiles/STM32_Drivers.dir/__/__/Core/Src/system_stm32c0xx.c.obj
 .debug_macro   0x00013528       0xa6 cmake/stm32cubemx/CMakeFiles/STM32_Drivers.dir/__/__/Core/Src/system_stm32c0xx.c.obj
 .debug_macro   0x000135ce      0x464 cmake/stm32cubemx/CMakeFiles/STM32_Drivers.dir/__/__/Core/Src/system_stm32c0xx.c.obj
 .debug_macro   0x00013a32      0x1d8 cmake/stm32cubemx/CMakeFiles/STM32_Drivers.dir/__/__/Drivers/STM32C0xx_HAL_Driver/Src/stm32c0xx_hal_tim.c.obj
 .debug_macro   0x00013c0a      0x1d6 cmake/stm32cubemx/CMakeFiles/STM32_Drivers.dir/__/__/Drivers/STM32C0xx_HAL_Driver/Src/stm32c0xx_hal_tim_ex.c.obj
 .debug_macro   0x00013de0      0x1ee cmake/stm32cubemx/CMakeFiles/STM32_Drivers.dir/__/__/Drivers/STM32C0xx_HAL_Driver/Src/stm32c0xx_hal.c.obj
 .debug_macro   0x00013fce      0x1d0 cmake/stm32cubemx/CMakeFiles/STM32_Drivers.dir/__/__/Drivers/STM32C0xx_HAL_Driver/Src/stm32c0xx_hal_cortex.c.obj
 .debug_macro   0x0001419e      0x200 cmake/stm32cubemx/CMakeFiles/STM32_Drivers.dir/__/__/Drivers/STM32C0xx_HAL_Driver/Src/stm32c0xx_hal_rcc.c.obj
 .debug_macro   0x0001439e      0x205 cmake/stm32cubemx/CMakeFiles/STM32_Drivers.dir/__/__/Drivers/STM32C0xx_HAL_Driver/Src/stm32c0xx_hal_gpio.c.obj
 .debug_macro   0x000145a3      0x1dc cmake/stm32cubemx/CMakeFiles/STM32_Drivers.dir/__/__/Drivers/STM32C0xx_HAL_Driver/Src/stm32c0xx_hal_exti.c.obj
 .debug_macro   0x0001477f      0x1ed cmake/stm32cubemx/CMakeFiles/STM32_Drivers.dir/__/__/Drivers/STM32C0xx_HAL_Driver/Src/stm32c0xx_hal_uart.c.obj
 .debug_macro   0x0001496c      0x2c6 cmake/stm32cubemx/CMakeFiles/STM32_Drivers.dir/__/__/Drivers/BSP/STM32C0xx_Nucleo/stm32c0xx_nucleo.c.obj
 .debug_macro   0x00014c32       0x1c cmake/stm32cubemx/CMakeFiles/STM32_Drivers.dir/__/__/Drivers/BSP/STM32C0xx_Nucleo/stm32c0xx_nucleo.c.obj
 .debug_macro   0x00014c4e       0x52 cmake/stm32cubemx/CMakeFiles/STM32_Drivers.dir/__/__/Drivers/BSP/STM32C0xx_Nucleo/stm32c0xx_nucleo.c.obj
 .debug_macro   0x00014ca0       0x74 cmake/stm32cubemx/CMakeFiles/STM32_Drivers.dir/__/__/Drivers/BSP/STM32C0xx_Nucleo/stm32c0xx_nucleo.c.obj
 .debug_macro   0x00014d14       0x24 cmake/stm32cubemx/CMakeFiles/STM32_Drivers.dir/__/__/Drivers/BSP/STM32C0xx_Nucleo/stm32c0xx_nucleo.c.obj
 .debug_macro   0x00014d38       0x3c cmake/stm32cubemx/CMakeFiles/STM32_Drivers.dir/__/__/Drivers/BSP/STM32C0xx_Nucleo/stm32c0xx_nucleo.c.obj
 .debug_macro   0x00014d74       0x34 cmake/stm32cubemx/CMakeFiles/STM32_Drivers.dir/__/__/Drivers/BSP/STM32C0xx_Nucleo/stm32c0xx_nucleo.c.obj
 .debug_macro   0x00014da8       0x16 cmake/stm32cubemx/CMakeFiles/STM32_Drivers.dir/__/__/Drivers/BSP/STM32C0xx_Nucleo/stm32c0xx_nucleo.c.obj
 .debug_macro   0x00014dbe       0x3c cmake/stm32cubemx/CMakeFiles/STM32_Drivers.dir/__/__/Drivers/BSP/STM32C0xx_Nucleo/stm32c0xx_nucleo.c.obj
 .debug_macro   0x00014dfa      0x370 cmake/stm32cubemx/CMakeFiles/STM32_Drivers.dir/__/__/Drivers/BSP/STM32C0xx_Nucleo/stm32c0xx_nucleo.c.obj
 .debug_macro   0x0001516a       0x10 cmake/stm32cubemx/CMakeFiles/STM32_Drivers.dir/__/__/Drivers/BSP/STM32C0xx_Nucleo/stm32c0xx_nucleo.c.obj
 .debug_macro   0x0001517a       0x16 cmake/stm32cubemx/CMakeFiles/STM32_Drivers.dir/__/__/Drivers/BSP/STM32C0xx_Nucleo/stm32c0xx_nucleo.c.obj
 .debug_macro   0x00015190       0x4a cmake/stm32cubemx/CMakeFiles/STM32_Drivers.dir/__/__/Drivers/BSP/STM32C0xx_Nucleo/stm32c0xx_nucleo.c.obj
 .debug_macro   0x000151da       0x34 cmake/stm32cubemx/CMakeFiles/STM32_Drivers.dir/__/__/Drivers/BSP/STM32C0xx_Nucleo/stm32c0xx_nucleo.c.obj
 .debug_macro   0x0001520e       0x10 cmake/stm32cubemx/CMakeFiles/STM32_Drivers.dir/__/__/Drivers/BSP/STM32C0xx_Nucleo/stm32c0xx_nucleo.c.obj
 .debug_macro   0x0001521e       0x58 cmake/stm32cubemx/CMakeFiles/STM32_Drivers.dir/__/__/Drivers/BSP/STM32C0xx_Nucleo/stm32c0xx_nucleo.c.obj
 .debug_macro   0x00015276      0x1e5 cmake/stm32cubemx/CMakeFiles/STM32_Drivers.dir/__/__/Drivers/BSP/STM32C0xx_Nucleo/stm32c0xx_nucleo.c.obj
 .debug_macro   0x0001545b       0x16 cmake/stm32cubemx/CMakeFiles/STM32_Drivers.dir/__/__/Drivers/BSP/STM32C0xx_Nucleo/stm32c0xx_nucleo.c.obj
 .debug_macro   0x00015471       0x16 cmake/stm32cubemx/CMakeFiles/STM32_Drivers.dir/__/__/Drivers/BSP/STM32C0xx_Nucleo/stm32c0xx_nucleo.c.obj
 .debug_macro   0x00015487      0x170 cmake/stm32cubemx/CMakeFiles/STM32_Drivers.dir/__/__/Drivers/BSP/STM32C0xx_Nucleo/stm32c0xx_nucleo.c.obj
 .debug_macro   0x000155f7      0x10e cmake/stm32cubemx/CMakeFiles/STM32_Drivers.dir/__/__/Drivers/BSP/STM32C0xx_Nucleo/stm32c0xx_nucleo.c.obj
 .debug_macro   0x00015705      0x344 CMakeFiles/freertos_C092.dir/Core/Src/main.c.obj
 .debug_macro   0x00015a49       0x22 CMakeFiles/freertos_C092.dir/Core/Src/main.c.obj
 .debug_macro   0x00015a6b       0x4c CMakeFiles/freertos_C092.dir/Core/Src/main.c.obj
 .debug_macro   0x00015ab7       0x16 CMakeFiles/freertos_C092.dir/Core/Src/main.c.obj
 .debug_macro   0x00015acd       0x4c CMakeFiles/freertos_C092.dir/Core/Src/main.c.obj
 .debug_macro   0x00015b19       0x34 CMakeFiles/freertos_C092.dir/Core/Src/main.c.obj
 .debug_macro   0x00015b4d      0x182 CMakeFiles/freertos_C092.dir/Core/Src/main.c.obj
 .debug_macro   0x00015ccf      0x267 CMakeFiles/freertos_C092.dir/Core/Src/main.c.obj
 .debug_macro   0x00015f36       0x2e CMakeFiles/freertos_C092.dir/Core/Src/main.c.obj
 .debug_macro   0x00015f64       0x1f CMakeFiles/freertos_C092.dir/Core/Src/main.c.obj
 .debug_macro   0x00015f83       0x12 CMakeFiles/freertos_C092.dir/Core/Src/main.c.obj
 .debug_macro   0x00015f95     0x1175 CMakeFiles/freertos_C092.dir/Core/Src/main.c.obj
 .debug_macro   0x0001710a       0xc3 CMakeFiles/freertos_C092.dir/Core/Src/main.c.obj
 .debug_macro   0x000171cd      0x14f CMakeFiles/freertos_C092.dir/Core/Src/main.c.obj
 .debug_macro   0x0001731c      0x2d3 CMakeFiles/freertos_C092.dir/Core/Src/stm32c0xx_it.c.obj
 .debug_macro   0x000175ef      0x2c9 CMakeFiles/freertos_C092.dir/Core/Src/stm32c0xx_hal_msp.c.obj
 .debug_macro   0x000178b8      0x1d0 CMakeFiles/freertos_C092.dir/Core/Src/stm32c0xx_hal_timebase_tim.c.obj
 .debug_macro   0x00017a88      0x2be CMakeFiles/freertos_C092.dir/freertos/tasks.c.obj
 .debug_macro   0x00017d46      0x11c CMakeFiles/freertos_C092.dir/freertos/tasks.c.obj
 .debug_macro   0x00017e62       0x9b CMakeFiles/freertos_C092.dir/freertos/tasks.c.obj
 .debug_macro   0x00017efd       0x16 CMakeFiles/freertos_C092.dir/freertos/tasks.c.obj
 .debug_macro   0x00017f13       0x20 CMakeFiles/freertos_C092.dir/freertos/tasks.c.obj
 .debug_macro   0x00017f33       0x98 CMakeFiles/freertos_C092.dir/freertos/tasks.c.obj
 .debug_macro   0x00017fcb       0x17 CMakeFiles/freertos_C092.dir/freertos/tasks.c.obj
 .debug_macro   0x00017fe2      0x228 CMakeFiles/freertos_C092.dir/freertos/portable/MemMang/heap_4.c.obj
 .debug_macro   0x0001820a      0x262 CMakeFiles/freertos_C092.dir/freertos/portable/GCC/ARM_CM0/port.c.obj
 .debug_macro   0x0001846c      0x1b4 CMakeFiles/freertos_C092.dir/freertos/portable/GCC/ARM_CM0/port.c.obj
 .debug_macro   0x00018620      0x193 CMakeFiles/freertos_C092.dir/freertos/list.c.obj
 .debug_macro   0x000187b3       0xea CMakeFiles/freertos_C092.dir/freertos/portable/GCC/ARM_CM0/portasm.c.obj

.debug_line     0x00000000    0x135bc
 .debug_line    0x00000000      0x828 cmake/stm32cubemx/CMakeFiles/STM32_Drivers.dir/__/__/Core/Src/system_stm32c0xx.c.obj
 .debug_line    0x00000828     0x3d51 cmake/stm32cubemx/CMakeFiles/STM32_Drivers.dir/__/__/Drivers/STM32C0xx_HAL_Driver/Src/stm32c0xx_hal_tim.c.obj
 .debug_line    0x00004579     0x1c32 cmake/stm32cubemx/CMakeFiles/STM32_Drivers.dir/__/__/Drivers/STM32C0xx_HAL_Driver/Src/stm32c0xx_hal_tim_ex.c.obj
 .debug_line    0x000061ab      0xb02 cmake/stm32cubemx/CMakeFiles/STM32_Drivers.dir/__/__/Drivers/STM32C0xx_HAL_Driver/Src/stm32c0xx_hal.c.obj
 .debug_line    0x00006cad      0xc1d cmake/stm32cubemx/CMakeFiles/STM32_Drivers.dir/__/__/Drivers/STM32C0xx_HAL_Driver/Src/stm32c0xx_hal_cortex.c.obj
 .debug_line    0x000078ca      0xe38 cmake/stm32cubemx/CMakeFiles/STM32_Drivers.dir/__/__/Drivers/STM32C0xx_HAL_Driver/Src/stm32c0xx_hal_rcc.c.obj
 .debug_line    0x00008702      0xc1a cmake/stm32cubemx/CMakeFiles/STM32_Drivers.dir/__/__/Drivers/STM32C0xx_HAL_Driver/Src/stm32c0xx_hal_gpio.c.obj
 .debug_line    0x0000931c      0xb8d cmake/stm32cubemx/CMakeFiles/STM32_Drivers.dir/__/__/Drivers/STM32C0xx_HAL_Driver/Src/stm32c0xx_hal_exti.c.obj
 .debug_line    0x00009ea9     0x36b4 cmake/stm32cubemx/CMakeFiles/STM32_Drivers.dir/__/__/Drivers/STM32C0xx_HAL_Driver/Src/stm32c0xx_hal_uart.c.obj
 .debug_line    0x0000d55d      0xc67 cmake/stm32cubemx/CMakeFiles/STM32_Drivers.dir/__/__/Drivers/BSP/STM32C0xx_Nucleo/stm32c0xx_nucleo.c.obj
 .debug_line    0x0000e1c4      0xb07 CMakeFiles/freertos_C092.dir/Core/Src/main.c.obj
 .debug_line    0x0000eccb      0x94e CMakeFiles/freertos_C092.dir/Core/Src/stm32c0xx_it.c.obj
 .debug_line    0x0000f619      0x8ff CMakeFiles/freertos_C092.dir/Core/Src/stm32c0xx_hal_msp.c.obj
 .debug_line    0x0000ff18      0x833 CMakeFiles/freertos_C092.dir/Core/Src/stm32c0xx_hal_timebase_tim.c.obj
 .debug_line    0x0001074b       0x7d CMakeFiles/freertos_C092.dir/startup_stm32c092xx.s.obj
 .debug_line    0x000107c8     0x10aa CMakeFiles/freertos_C092.dir/freertos/tasks.c.obj
 .debug_line    0x00011872      0x889 CMakeFiles/freertos_C092.dir/freertos/portable/MemMang/heap_4.c.obj
 .debug_line    0x000120fb      0x674 CMakeFiles/freertos_C092.dir/freertos/portable/GCC/ARM_CM0/port.c.obj
 .debug_line    0x0001276f      0x623 CMakeFiles/freertos_C092.dir/freertos/list.c.obj
 .debug_line    0x00012d92      0x546 CMakeFiles/freertos_C092.dir/freertos/portable/GCC/ARM_CM0/portasm.c.obj
 .debug_line    0x000132d8      0x178 C:/Users/virendra/AppData/Local/stm32cube/bundles/gnu-tools-for-stm32/13.3.1+st.9/bin/../lib/gcc/arm-none-eabi/13.3.1/../../../../arm-none-eabi/lib/thumb/v6-m/nofp\libg_nano.a(libc_a-memset.o)
 .debug_line    0x00013450      0x16c C:/Users/virendra/AppData/Local/stm32cube/bundles/gnu-tools-for-stm32/13.3.1+st.9/bin/../lib/gcc/arm-none-eabi/13.3.1/../../../../arm-none-eabi/lib/thumb/v6-m/nofp\libg_nano.a(libc_a-init.o)

.debug_str      0x00000000    0x9b5be
 .debug_str     0x00000000    0x9b5be cmake/stm32cubemx/CMakeFiles/STM32_Drivers.dir/__/__/Core/Src/system_stm32c0xx.c.obj
                              0x84c40 (size before relaxing)
 .debug_str     0x0009b5be        0x0 cmake/stm32cubemx/CMakeFiles/STM32_Drivers.dir/__/__/Drivers/STM32C0xx_HAL_Driver/Src/stm32c0xx_hal_tim.c.obj
                              0x86168 (size before relaxing)
 .debug_str     0x0009b5be        0x0 cmake/stm32cubemx/CMakeFiles/STM32_Drivers.dir/__/__/Drivers/STM32C0xx_HAL_Driver/Src/stm32c0xx_hal_tim_ex.c.obj
                              0x85af6 (size before relaxing)
 .debug_str     0x0009b5be        0x0 cmake/stm32cubemx/CMakeFiles/STM32_Drivers.dir/__/__/Drivers/STM32C0xx_HAL_Driver/Src/stm32c0xx_hal.c.obj
                              0x8529c (size before relaxing)
 .debug_str     0x0009b5be        0x0 cmake/stm32cubemx/CMakeFiles/STM32_Drivers.dir/__/__/Drivers/STM32C0xx_HAL_Driver/Src/stm32c0xx_hal_cortex.c.obj
                              0x850bf (size before relaxing)
 .debug_str     0x0009b5be        0x0 cmake/stm32cubemx/CMakeFiles/STM32_Drivers.dir/__/__/Drivers/STM32C0xx_HAL_Driver/Src/stm32c0xx_hal_rcc.c.obj
                              0x85237 (size before relaxing)
 .debug_str     0x0009b5be        0x0 cmake/stm32cubemx/CMakeFiles/STM32_Drivers.dir/__/__/Drivers/STM32C0xx_HAL_Driver/Src/stm32c0xx_hal_gpio.c.obj
                              0x84e38 (size before relaxing)
 .debug_str     0x0009b5be        0x0 cmake/stm32cubemx/CMakeFiles/STM32_Drivers.dir/__/__/Drivers/STM32C0xx_HAL_Driver/Src/stm32c0xx_hal_exti.c.obj
                              0x84dbc (size before relaxing)
 .debug_str     0x0009b5be        0x0 cmake/stm32cubemx/CMakeFiles/STM32_Drivers.dir/__/__/Drivers/STM32C0xx_HAL_Driver/Src/stm32c0xx_hal_uart.c.obj
                              0x85b90 (size before relaxing)
 .debug_str     0x0009b5be        0x0 cmake/stm32cubemx/CMakeFiles/STM32_Drivers.dir/__/__/Drivers/BSP/STM32C0xx_Nucleo/stm32c0xx_nucleo.c.obj
                              0x8934e (size before relaxing)
 .debug_str     0x0009b5be        0x0 CMakeFiles/freertos_C092.dir/Core/Src/main.c.obj
                              0x94207 (size before relaxing)
 .debug_str     0x0009b5be        0x0 CMakeFiles/freertos_C092.dir/Core/Src/stm32c0xx_it.c.obj
                              0x88ca4 (size before relaxing)
 .debug_str     0x0009b5be        0x0 CMakeFiles/freertos_C092.dir/Core/Src/stm32c0xx_hal_msp.c.obj
                              0x886d3 (size before relaxing)
 .debug_str     0x0009b5be        0x0 CMakeFiles/freertos_C092.dir/Core/Src/stm32c0xx_hal_timebase_tim.c.obj
                              0x854e0 (size before relaxing)
 .debug_str     0x0009b5be        0x0 CMakeFiles/freertos_C092.dir/startup_stm32c092xx.s.obj
                                 0x90 (size before relaxing)
 .debug_str     0x0009b5be        0x0 CMakeFiles/freertos_C092.dir/freertos/tasks.c.obj
                              0x13c0f (size before relaxing)
 .debug_str     0x0009b5be        0x0 CMakeFiles/freertos_C092.dir/freertos/portable/MemMang/heap_4.c.obj
                              0x12552 (size before relaxing)
 .debug_str     0x0009b5be        0x0 CMakeFiles/freertos_C092.dir/freertos/portable/GCC/ARM_CM0/port.c.obj
                              0x10806 (size before relaxing)
 .debug_str     0x0009b5be        0x0 CMakeFiles/freertos_C092.dir/freertos/list.c.obj
                              0x109ea (size before relaxing)
 .debug_str     0x0009b5be        0x0 CMakeFiles/freertos_C092.dir/freertos/portable/GCC/ARM_CM0/portasm.c.obj
                               0xdbe6 (size before relaxing)
 .debug_str     0x0009b5be        0x0 C:/Users/virendra/AppData/Local/stm32cube/bundles/gnu-tools-for-stm32/13.3.1+st.9/bin/../lib/gcc/arm-none-eabi/13.3.1/../../../../arm-none-eabi/lib/thumb/v6-m/nofp\libg_nano.a(libc_a-memset.o)
                                0x20a (size before relaxing)
 .debug_str     0x0009b5be        0x0 C:/Users/virendra/AppData/Local/stm32cube/bundles/gnu-tools-for-stm32/13.3.1+st.9/bin/../lib/gcc/arm-none-eabi/13.3.1/../../../../arm-none-eabi/lib/thumb/v6-m/nofp\libg_nano.a(libc_a-init.o)
                                0x26b (size before relaxing)

.debug_frame    0x00000000     0x37e4
 .debug_frame   0x00000000       0x4c cmake/stm32cubemx/CMakeFiles/STM32_Drivers.dir/__/__/Core/Src/system_stm32c0xx.c.obj
 .debug_frame   0x0000004c      0xf40 cmake/stm32cubemx/CMakeFiles/STM32_Drivers.dir/__/__/Drivers/STM32C0xx_HAL_Driver/Src/stm32c0xx_hal_tim.c.obj
 .debug_frame   0x00000f8c      0x620 cmake/stm32cubemx/CMakeFiles/STM32_Drivers.dir/__/__/Drivers/STM32C0xx_HAL_Driver/Src/stm32c0xx_hal_tim_ex.c.obj
 .debug_frame   0x000015ac      0x368 cmake/stm32cubemx/CMakeFiles/STM32_Drivers.dir/__/__/Drivers/STM32C0xx_HAL_Driver/Src/stm32c0xx_hal.c.obj
 .debug_frame   0x00001914      0x33c cmake/stm32cubemx/CMakeFiles/STM32_Drivers.dir/__/__/Drivers/STM32C0xx_HAL_Driver/Src/stm32c0xx_hal_cortex.c.obj
 .debug_frame   0x00001c50      0x214 cmake/stm32cubemx/CMakeFiles/STM32_Drivers.dir/__/__/Drivers/STM32C0xx_HAL_Driver/Src/stm32c0xx_hal_rcc.c.obj
 .debug_frame   0x00001e64      0x150 cmake/stm32cubemx/CMakeFiles/STM32_Drivers.dir/__/__/Drivers/STM32C0xx_HAL_Driver/Src/stm32c0xx_hal_gpio.c.obj
 .debug_frame   0x00001fb4      0x130 cmake/stm32cubemx/CMakeFiles/STM32_Drivers.dir/__/__/Drivers/STM32C0xx_HAL_Driver/Src/stm32c0xx_hal_exti.c.obj
 .debug_frame   0x000020e4      0x8d4 cmake/stm32cubemx/CMakeFiles/STM32_Drivers.dir/__/__/Drivers/STM32C0xx_HAL_Driver/Src/stm32c0xx_hal_uart.c.obj
 .debug_frame   0x000029b8      0x2c0 cmake/stm32cubemx/CMakeFiles/STM32_Drivers.dir/__/__/Drivers/BSP/STM32C0xx_Nucleo/stm32c0xx_nucleo.c.obj
 .debug_frame   0x00002c78       0xec CMakeFiles/freertos_C092.dir/Core/Src/main.c.obj
 .debug_frame   0x00002d64       0x80 CMakeFiles/freertos_C092.dir/Core/Src/stm32c0xx_it.c.obj
 .debug_frame   0x00002de4       0x30 CMakeFiles/freertos_C092.dir/Core/Src/stm32c0xx_hal_msp.c.obj
 .debug_frame   0x00002e14       0x68 CMakeFiles/freertos_C092.dir/Core/Src/stm32c0xx_hal_timebase_tim.c.obj
 .debug_frame   0x00002e7c      0x4f8 CMakeFiles/freertos_C092.dir/freertos/tasks.c.obj
 .debug_frame   0x00003374      0x15c CMakeFiles/freertos_C092.dir/freertos/portable/MemMang/heap_4.c.obj
 .debug_frame   0x000034d0      0x158 CMakeFiles/freertos_C092.dir/freertos/portable/GCC/ARM_CM0/port.c.obj
 .debug_frame   0x00003628       0xb0 CMakeFiles/freertos_C092.dir/freertos/list.c.obj
 .debug_frame   0x000036d8       0xa0 CMakeFiles/freertos_C092.dir/freertos/portable/GCC/ARM_CM0/portasm.c.obj
 .debug_frame   0x00003778       0x20 C:/Users/virendra/AppData/Local/stm32cube/bundles/gnu-tools-for-stm32/13.3.1+st.9/bin/../lib/gcc/arm-none-eabi/13.3.1/thumb/v6-m/nofp\libgcc.a(_udivsi3.o)
 .debug_frame   0x00003798       0x20 C:/Users/virendra/AppData/Local/stm32cube/bundles/gnu-tools-for-stm32/13.3.1+st.9/bin/../lib/gcc/arm-none-eabi/13.3.1/../../../../arm-none-eabi/lib/thumb/v6-m/nofp\libg_nano.a(libc_a-memset.o)
 .debug_frame   0x000037b8       0x2c C:/Users/virendra/AppData/Local/stm32cube/bundles/gnu-tools-for-stm32/13.3.1+st.9/bin/../lib/gcc/arm-none-eabi/13.3.1/../../../../arm-none-eabi/lib/thumb/v6-m/nofp\libg_nano.a(libc_a-init.o)

.debug_line_str
                0x00000000       0x74
 .debug_line_str
                0x00000000       0x74 CMakeFiles/freertos_C092.dir/startup_stm32c092xx.s.obj

.debug_loclists
                0x00000000       0xc2
 .debug_loclists
                0x00000000       0x80 C:/Users/virendra/AppData/Local/stm32cube/bundles/gnu-tools-for-stm32/13.3.1+st.9/bin/../lib/gcc/arm-none-eabi/13.3.1/../../../../arm-none-eabi/lib/thumb/v6-m/nofp\libg_nano.a(libc_a-memset.o)
 .debug_loclists
                0x00000080       0x42 C:/Users/virendra/AppData/Local/stm32cube/bundles/gnu-tools-for-stm32/13.3.1+st.9/bin/../lib/gcc/arm-none-eabi/13.3.1/../../../../arm-none-eabi/lib/thumb/v6-m/nofp\libg_nano.a(libc_a-init.o)
